#
# There is insufficient memory for the Java Runtime Environment to continue.
# Native memory allocation (malloc) failed to allocate 1311040 bytes. Error detail: Chunk::new
# Possible reasons:
#   The system is out of physical RAM or swap space
#   This process is running with CompressedOops enabled, and the Java Heap may be blocking the growth of the native heap
# Possible solutions:
#   Reduce memory load on the system
#   Increase physical memory or swap space
#   Check if swap backing store is full
#   Decrease Java heap size (-Xmx/-Xms)
#   Decrease number of Java threads
#   Decrease Java thread stack sizes (-Xss)
#   Set larger code cache with -XX:ReservedCodeCacheSize=
#   JVM is running with Unscaled Compressed Oops mode in which the Java heap is
#     placed in the first 4GB address space. The Java Heap base address is the
#     maximum limit for the native heap growth. Please use -XX:HeapBaseMinAddress
#     to set the Java Heap base and to place the Java Heap above 4GB virtual address.
# This output file may be truncated or incomplete.
#
#  Out of Memory Error (arena.cpp:149), pid=3028, tid=11720
#
# JRE version: Java(TM) SE Runtime Environment (23.0.1+11) (build 23.0.1+11-39)
# Java VM: Java HotSpot(TM) 64-Bit Server VM (23.0.1+11-39, mixed mode, sharing, tiered, compressed oops, compressed class ptrs, g1 gc, windows-amd64)
# No core dump will be written. Minidumps are not enabled by default on client versions of Windows
#

---------------  S U M M A R Y ------------

Command Line: --add-opens=java.base/java.util=ALL-UNNAMED --add-opens=java.base/java.lang=ALL-UNNAMED --add-opens=java.base/java.lang.invoke=ALL-UNNAMED --add-opens=java.prefs/java.util.prefs=ALL-UNNAMED --add-opens=java.base/java.nio.charset=ALL-UNNAMED --add-opens=java.base/java.net=ALL-UNNAMED --add-opens=java.base/java.util.concurrent.atomic=ALL-UNNAMED -XX:MaxMetaspaceSize=384m -XX:+HeapDumpOnOutOfMemoryError -Xms256m -Xmx512m -Dfile.encoding=UTF-8 -Duser.country=RU -Duser.language=ru -Duser.variant -javaagent:C:\Users\potte\.gradle\wrapper\dists\gradle-8.5-bin\5t9huq95ubn472n8rpzujfbqh\gradle-8.5\lib\agents\gradle-instrumentation-agent-8.5.jar org.gradle.launcher.daemon.bootstrap.GradleDaemon 8.5

Host: 12th Gen Intel(R) Core(TM) i5-1235U, 12 cores, 7G,  Windows 11 , 64 bit Build 26100 (10.0.26100.5074)
Time: Fri Sep 19 12:53:17 2025 RTZ 2 (s 11 , 64 bit Build 26100 (10.0.26100.5074) elapsed time: 8.440778 seconds (0d 0h 0m 8s)

---------------  T H R E A D  ---------------

Current thread (0x000001c84aa6fb90):  JavaThread "C2 CompilerThread0" daemon [_thread_in_native, id=11720, stack(0x000000782c500000,0x000000782c600000) (1024K)]


Current CompileTask:
C2:8440 6056   !   4       org.jetbrains.kotlin.metadata.ProtoBuf$Type::<init> (875 bytes)

Stack: [0x000000782c500000,0x000000782c600000]
Native frames: (J=compiled Java code, j=interpreted, Vv=VM code, C=native code)
V  [jvm.dll+0x6e08b9]  (no source info available)
V  [jvm.dll+0x87dc83]  (no source info available)
V  [jvm.dll+0x88010e]  (no source info available)
V  [jvm.dll+0x8807e3]  (no source info available)
V  [jvm.dll+0x27aee6]  (no source info available)
V  [jvm.dll+0xbc06f]  (no source info available)
V  [jvm.dll+0xbc2cb]  (no source info available)
V  [jvm.dll+0x3b3a9c]  (no source info available)
V  [jvm.dll+0x38a42b]  (no source info available)
V  [jvm.dll+0x38989a]  (no source info available)
V  [jvm.dll+0x244aa1]  (no source info available)
V  [jvm.dll+0x243dff]  (no source info available)
V  [jvm.dll+0x1c33a0]  (no source info available)
V  [jvm.dll+0x253cf1]  (no source info available)
V  [jvm.dll+0x251faa]  (no source info available)
V  [jvm.dll+0x3ee036]  (no source info available)
V  [jvm.dll+0x824f8b]  (no source info available)
V  [jvm.dll+0x6df065]  (no source info available)
C  [ucrtbase.dll+0x37b0]  (no source info available)
C  [KERNEL32.DLL+0x2e8d7]  (no source info available)
C  [ntdll.dll+0x8d9c]  (no source info available)

Lock stack of current Java thread (top to bottom):


---------------  P R O C E S S  ---------------

Threads class SMR info:
_java_thread_list=0x000001c86895be80, length=34, elements={
0x000001c82f630c30, 0x000001c84aa624d0, 0x000001c84aa62f30, 0x000001c84aa67920,
0x000001c84aa6a740, 0x000001c84aa6b910, 0x000001c84aa6ec50, 0x000001c84aa6fb90,
0x000001c84aa717a0, 0x000001c84ab6bfa0, 0x000001c84ad035d0, 0x000001c865872e80,
0x000001c8646f0950, 0x000001c8659be5a0, 0x000001c865974ac0, 0x000001c865990da0,
0x000001c86599fe40, 0x000001c8659b9e40, 0x000001c8647d9370, 0x000001c8647da090,
0x000001c8647da720, 0x000001c8647d7930, 0x000001c8647d7fc0, 0x000001c86617f600,
0x000001c86617dbc0, 0x000001c86617fc90, 0x000001c86617cea0, 0x000001c86617e250,
0x000001c866180320, 0x000001c8661809b0, 0x000001c86617d530, 0x000001c866183110,
0x000001c866181d60, 0x000001c86584bbe0
}

Java Threads: ( => current thread )
  0x000001c82f630c30 JavaThread "main"                              [_thread_blocked, id=2788, stack(0x000000782b700000,0x000000782b800000) (1024K)]
  0x000001c84aa624d0 JavaThread "Reference Handler"          daemon [_thread_blocked, id=1096, stack(0x000000782bf00000,0x000000782c000000) (1024K)]
  0x000001c84aa62f30 JavaThread "Finalizer"                  daemon [_thread_blocked, id=14972, stack(0x000000782c000000,0x000000782c100000) (1024K)]
  0x000001c84aa67920 JavaThread "Signal Dispatcher"          daemon [_thread_blocked, id=24292, stack(0x000000782c100000,0x000000782c200000) (1024K)]
  0x000001c84aa6a740 JavaThread "Attach Listener"            daemon [_thread_blocked, id=24948, stack(0x000000782c200000,0x000000782c300000) (1024K)]
  0x000001c84aa6b910 JavaThread "Service Thread"             daemon [_thread_blocked, id=17748, stack(0x000000782c300000,0x000000782c400000) (1024K)]
  0x000001c84aa6ec50 JavaThread "Monitor Deflation Thread"   daemon [_thread_blocked, id=18632, stack(0x000000782c400000,0x000000782c500000) (1024K)]
=>0x000001c84aa6fb90 JavaThread "C2 CompilerThread0"         daemon [_thread_in_native, id=11720, stack(0x000000782c500000,0x000000782c600000) (1024K)]
  0x000001c84aa717a0 JavaThread "C1 CompilerThread0"         daemon [_thread_blocked, id=3776, stack(0x000000782c600000,0x000000782c700000) (1024K)]
  0x000001c84ab6bfa0 JavaThread "Common-Cleaner"             daemon [_thread_blocked, id=22432, stack(0x000000782c700000,0x000000782c800000) (1024K)]
  0x000001c84ad035d0 JavaThread "Notification Thread"        daemon [_thread_blocked, id=6696, stack(0x000000782c800000,0x000000782c900000) (1024K)]
  0x000001c865872e80 JavaThread "Daemon health stats"               [_thread_blocked, id=10452, stack(0x000000782cf00000,0x000000782d000000) (1024K)]
  0x000001c8646f0950 JavaThread "Incoming local TCP Connector on port 60344"        [_thread_in_native, id=19808, stack(0x000000782d000000,0x000000782d100000) (1024K)]
  0x000001c8659be5a0 JavaThread "Daemon periodic checks"            [_thread_blocked, id=9380, stack(0x000000782d100000,0x000000782d200000) (1024K)]
  0x000001c865974ac0 JavaThread "Daemon"                            [_thread_blocked, id=24696, stack(0x000000782d200000,0x000000782d300000) (1024K)]
  0x000001c865990da0 JavaThread "Handler for socket connection from /127.0.0.1:60344 to /127.0.0.1:60345"        [_thread_in_native, id=12800, stack(0x000000782d300000,0x000000782d400000) (1024K)]
  0x000001c86599fe40 JavaThread "Cancel handler"                    [_thread_blocked, id=13136, stack(0x000000782d400000,0x000000782d500000) (1024K)]
  0x000001c8659b9e40 JavaThread "Daemon worker"                     [_thread_in_vm, id=9900, stack(0x000000782d500000,0x000000782d600000) (1024K)]
  0x000001c8647d9370 JavaThread "Asynchronous log dispatcher for DefaultDaemonConnection: socket connection from /127.0.0.1:60344 to /127.0.0.1:60345"        [_thread_blocked, id=15812, stack(0x000000782d600000,0x000000782d700000) (1024K)]
  0x000001c8647da090 JavaThread "Stdin handler"                     [_thread_blocked, id=21248, stack(0x000000782d700000,0x000000782d800000) (1024K)]
  0x000001c8647da720 JavaThread "Daemon client event forwarder"        [_thread_blocked, id=19356, stack(0x000000782d800000,0x000000782d900000) (1024K)]
  0x000001c8647d7930 JavaThread "Cache worker for journal cache (C:\Users\potte\.gradle\caches\journal-1)"        [_thread_blocked, id=10172, stack(0x000000782dd00000,0x000000782de00000) (1024K)]
  0x000001c8647d7fc0 JavaThread "File lock request listener"        [_thread_in_native, id=1652, stack(0x000000782de00000,0x000000782df00000) (1024K)]
  0x000001c86617f600 JavaThread "Cache worker for file hash cache (C:\Users\potte\.gradle\caches\8.5\fileHashes)"        [_thread_blocked, id=24784, stack(0x000000782df00000,0x000000782e000000) (1024K)]
  0x000001c86617dbc0 JavaThread "File watcher server"        daemon [_thread_in_native, id=17492, stack(0x000000782e200000,0x000000782e300000) (1024K)]
  0x000001c86617fc90 JavaThread "File watcher consumer"      daemon [_thread_blocked, id=7464, stack(0x000000782e300000,0x000000782e400000) (1024K)]
  0x000001c86617cea0 JavaThread "Cache worker for checksums cache (C:\Users\potte\Desktop\projects\java_dops\.gradle\8.5\checksums)"        [_thread_blocked, id=22044, stack(0x000000782e400000,0x000000782e500000) (1024K)]
  0x000001c86617e250 JavaThread "Cache worker for file hash cache (C:\Users\potte\Desktop\projects\java_dops\.gradle\8.5\fileHashes)"        [_thread_blocked, id=14696, stack(0x000000782e500000,0x000000782e600000) (1024K)]
  0x000001c866180320 JavaThread "Cache worker for cache directory md-supplier (C:\Users\potte\.gradle\caches\8.5\md-supplier)"        [_thread_blocked, id=22092, stack(0x000000782e600000,0x000000782e700000) (1024K)]
  0x000001c8661809b0 JavaThread "Cache worker for cache directory md-rule (C:\Users\potte\.gradle\caches\8.5\md-rule)"        [_thread_blocked, id=24396, stack(0x000000782e700000,0x000000782e800000) (1024K)]
  0x000001c86617d530 JavaThread "Cache worker for file content cache (C:\Users\potte\.gradle\caches\8.5\fileContent)"        [_thread_blocked, id=19540, stack(0x000000782e800000,0x000000782e900000) (1024K)]
  0x000001c866183110 JavaThread "Cache worker for execution history cache (C:\Users\potte\.gradle\caches\8.5\executionHistory)"        [_thread_blocked, id=25048, stack(0x000000782e900000,0x000000782ea00000) (1024K)]
  0x000001c866181d60 JavaThread "Cache worker for kotlin-dsl (C:\Users\potte\.gradle\caches\8.5\kotlin-dsl)"        [_thread_blocked, id=21312, stack(0x000000782ea00000,0x000000782eb00000) (1024K)]
  0x000001c86584bbe0 JavaThread "C2 CompilerThread1"         daemon [_thread_blocked, id=9796, stack(0x000000782ce00000,0x000000782cf00000) (1024K)]
Total: 34

Other Threads:
  0x000001c84aa48040 VMThread "VM Thread"                           [id=1876, stack(0x000000782be00000,0x000000782bf00000) (1024K)]
  0x000001c84aa34a60 WatcherThread "VM Periodic Task Thread"        [id=16168, stack(0x000000782bd00000,0x000000782be00000) (1024K)]
  0x000001c82f65d210 WorkerThread "GC Thread#0"                     [id=15892, stack(0x000000782b800000,0x000000782b900000) (1024K)]
  0x000001c86489efe0 WorkerThread "GC Thread#1"                     [id=16120, stack(0x000000782c900000,0x000000782ca00000) (1024K)]
  0x000001c8647be500 WorkerThread "GC Thread#2"                     [id=2620, stack(0x000000782ca00000,0x000000782cb00000) (1024K)]
  0x000001c8647be8b0 WorkerThread "GC Thread#3"                     [id=22824, stack(0x000000782cb00000,0x000000782cc00000) (1024K)]
  0x000001c864762ce0 WorkerThread "GC Thread#4"                     [id=23616, stack(0x000000782cc00000,0x000000782cd00000) (1024K)]
  0x000001c864763090 WorkerThread "GC Thread#5"                     [id=16256, stack(0x000000782cd00000,0x000000782ce00000) (1024K)]
  0x000001c8656c6940 WorkerThread "GC Thread#6"                     [id=21028, stack(0x000000782d900000,0x000000782da00000) (1024K)]
  0x000001c8656c56d0 WorkerThread "GC Thread#7"                     [id=8148, stack(0x000000782da00000,0x000000782db00000) (1024K)]
  0x000001c8656c5320 WorkerThread "GC Thread#8"                     [id=13212, stack(0x000000782db00000,0x000000782dc00000) (1024K)]
  0x000001c8656c61e0 WorkerThread "GC Thread#9"                     [id=5504, stack(0x000000782dc00000,0x000000782dd00000) (1024K)]
  0x000001c82f663980 ConcurrentGCThread "G1 Main Marker"            [id=696, stack(0x000000782b900000,0x000000782ba00000) (1024K)]
  0x000001c82f6643a0 WorkerThread "G1 Conc#0"                       [id=11644, stack(0x000000782ba00000,0x000000782bb00000) (1024K)]
  0x000001c865fa0c90 WorkerThread "G1 Conc#1"                       [id=10516, stack(0x000000782e000000,0x000000782e100000) (1024K)]
  0x000001c865fa0530 WorkerThread "G1 Conc#2"                       [id=17476, stack(0x000000782e100000,0x000000782e200000) (1024K)]
  0x000001c84a904a80 ConcurrentGCThread "G1 Refine#0"               [id=12568, stack(0x000000782bb00000,0x000000782bc00000) (1024K)]
  0x000001c84a9052b0 ConcurrentGCThread "G1 Service"                [id=20384, stack(0x000000782bc00000,0x000000782bd00000) (1024K)]
Total: 18

Threads with active compile tasks:
C2 CompilerThread0  8516 6056   !   4       org.jetbrains.kotlin.metadata.ProtoBuf$Type::<init> (875 bytes)
Total: 1

VM state: not at safepoint (normal execution)

VM Mutex/Monitor currently owned by a thread: None

Heap address: 0x00000000e0000000, size: 512 MB, Compressed Oops mode: 32-bit

CDS archive(s) mapped at: [0x000001c84b000000-0x000001c84bd70000-0x000001c84bd70000), size 14090240, SharedBaseAddress: 0x000001c84b000000, ArchiveRelocationMode: 1.
Compressed class space mapped at: 0x000001c84c000000-0x000001c860000000, reserved size: 335544320
Narrow klass base: 0x000001c84b000000, Narrow klass shift: 0, Narrow klass range: 0x15000000

GC Precious Log:
 CardTable entry size: 512
 Card Set container configuration: InlinePtr #cards 5 size 8 Array Of Cards #cards 10 size 36 Howl #buckets 4 coarsen threshold 1843 Howl Bitmap #cards 512 size 80 coarsen threshold 460 Card regions per heap region 1 cards per card region 2048
 CPUs: 12 total, 12 available
 Memory: 7896M
 Large Page Support: Disabled
 NUMA Support: Disabled
 Compressed Oops: Enabled (32-bit)
 Heap Region Size: 1M
 Heap Min Capacity: 256M
 Heap Initial Capacity: 256M
 Heap Max Capacity: 512M
 Pre-touch: Disabled
 Parallel Workers: 10
 Concurrent Workers: 3
 Concurrent Refinement Workers: 10
 Periodic GC: Disabled

Heap:
 garbage-first heap   total reserved 524288K, committed 262144K, used 179919K [0x00000000e0000000, 0x0000000100000000)
  region size 1024K, 127 young (130048K), 6 survivors (6144K)
 Metaspace       used 72340K, committed 74176K, reserved 393216K
  class space    used 10190K, committed 11072K, reserved 327680K

Heap Regions: E=young(eden), S=young(survivor), O=old, HS=humongous(starts), HC=humongous(continues), CS=collection set, F=free, TAMS=top-at-mark-start, PB=parsable bottom
|   0|0x00000000e0000000, 0x00000000e0100000, 0x00000000e0100000|100%|HS|  |TAMS 0x00000000e0000000| PB 0x00000000e0000000| Complete |  0
|   1|0x00000000e0100000, 0x00000000e0200000, 0x00000000e0200000|100%|HC|  |TAMS 0x00000000e0100000| PB 0x00000000e0100000| Complete |  0
|   2|0x00000000e0200000, 0x00000000e0300000, 0x00000000e0300000|100%|HC|  |TAMS 0x00000000e0200000| PB 0x00000000e0200000| Complete |  0
|   3|0x00000000e0300000, 0x00000000e0400000, 0x00000000e0400000|100%|HC|  |TAMS 0x00000000e0300000| PB 0x00000000e0300000| Complete |  0
|   4|0x00000000e0400000, 0x00000000e0500000, 0x00000000e0500000|100%| O|  |TAMS 0x00000000e0400000| PB 0x00000000e0400000| Untracked |  0
|   5|0x00000000e0500000, 0x00000000e0600000, 0x00000000e0600000|100%| O|  |TAMS 0x00000000e0500000| PB 0x00000000e0500000| Untracked |  0
|   6|0x00000000e0600000, 0x00000000e0700000, 0x00000000e0700000|100%| O|  |TAMS 0x00000000e0600000| PB 0x00000000e0600000| Untracked |  0
|   7|0x00000000e0700000, 0x00000000e0800000, 0x00000000e0800000|100%| O|  |TAMS 0x00000000e0700000| PB 0x00000000e0700000| Untracked |  0
|   8|0x00000000e0800000, 0x00000000e0900000, 0x00000000e0900000|100%|HS|  |TAMS 0x00000000e0800000| PB 0x00000000e0800000| Complete |  0
|   9|0x00000000e0900000, 0x00000000e0a00000, 0x00000000e0a00000|100%| O|  |TAMS 0x00000000e0900000| PB 0x00000000e0900000| Untracked |  0
|  10|0x00000000e0a00000, 0x00000000e0b00000, 0x00000000e0b00000|100%|HS|  |TAMS 0x00000000e0a00000| PB 0x00000000e0a00000| Complete |  0
|  11|0x00000000e0b00000, 0x00000000e0c00000, 0x00000000e0c00000|100%| O|  |TAMS 0x00000000e0b00000| PB 0x00000000e0b00000| Untracked |  0
|  12|0x00000000e0c00000, 0x00000000e0d00000, 0x00000000e0d00000|100%| O|  |TAMS 0x00000000e0c00000| PB 0x00000000e0c00000| Untracked |  0
|  13|0x00000000e0d00000, 0x00000000e0e00000, 0x00000000e0e00000|100%| O|  |TAMS 0x00000000e0d00000| PB 0x00000000e0d00000| Untracked |  0
|  14|0x00000000e0e00000, 0x00000000e0f00000, 0x00000000e0f00000|100%| O|  |TAMS 0x00000000e0e00000| PB 0x00000000e0e00000| Untracked |  0
|  15|0x00000000e0f00000, 0x00000000e1000000, 0x00000000e1000000|100%| O|  |TAMS 0x00000000e0f00000| PB 0x00000000e0f00000| Untracked |  0
|  16|0x00000000e1000000, 0x00000000e1100000, 0x00000000e1100000|100%| O|  |TAMS 0x00000000e1000000| PB 0x00000000e1000000| Untracked |  0
|  17|0x00000000e1100000, 0x00000000e1200000, 0x00000000e1200000|100%| O|  |TAMS 0x00000000e1100000| PB 0x00000000e1100000| Untracked |  0
|  18|0x00000000e1200000, 0x00000000e1300000, 0x00000000e1300000|100%| O|  |TAMS 0x00000000e1200000| PB 0x00000000e1200000| Untracked |  0
|  19|0x00000000e1300000, 0x00000000e1400000, 0x00000000e1400000|100%| O|  |TAMS 0x00000000e1300000| PB 0x00000000e1300000| Untracked |  0
|  20|0x00000000e1400000, 0x00000000e1500000, 0x00000000e1500000|100%| O|  |TAMS 0x00000000e1400000| PB 0x00000000e1400000| Untracked |  0
|  21|0x00000000e1500000, 0x00000000e1600000, 0x00000000e1600000|100%| O|  |TAMS 0x00000000e1500000| PB 0x00000000e1500000| Untracked |  0
|  22|0x00000000e1600000, 0x00000000e1700000, 0x00000000e1700000|100%| O|  |TAMS 0x00000000e1600000| PB 0x00000000e1600000| Untracked |  0
|  23|0x00000000e1700000, 0x00000000e1800000, 0x00000000e1800000|100%| O|  |TAMS 0x00000000e1700000| PB 0x00000000e1700000| Untracked |  0
|  24|0x00000000e1800000, 0x00000000e1900000, 0x00000000e1900000|100%|HS|  |TAMS 0x00000000e1800000| PB 0x00000000e1800000| Complete |  0
|  25|0x00000000e1900000, 0x00000000e1a00000, 0x00000000e1a00000|100%|HC|  |TAMS 0x00000000e1900000| PB 0x00000000e1900000| Complete |  0
|  26|0x00000000e1a00000, 0x00000000e1b00000, 0x00000000e1b00000|100%|HC|  |TAMS 0x00000000e1a00000| PB 0x00000000e1a00000| Complete |  0
|  27|0x00000000e1b00000, 0x00000000e1c00000, 0x00000000e1c00000|100%|HC|  |TAMS 0x00000000e1b00000| PB 0x00000000e1b00000| Complete |  0
|  28|0x00000000e1c00000, 0x00000000e1d00000, 0x00000000e1d00000|100%|HC|  |TAMS 0x00000000e1c00000| PB 0x00000000e1c00000| Complete |  0
|  29|0x00000000e1d00000, 0x00000000e1e00000, 0x00000000e1e00000|100%|HC|  |TAMS 0x00000000e1d00000| PB 0x00000000e1d00000| Complete |  0
|  30|0x00000000e1e00000, 0x00000000e1f00000, 0x00000000e1f00000|100%| O|  |TAMS 0x00000000e1e00000| PB 0x00000000e1e00000| Untracked |  0
|  31|0x00000000e1f00000, 0x00000000e2000000, 0x00000000e2000000|100%| O|  |TAMS 0x00000000e1f00000| PB 0x00000000e1f00000| Untracked |  0
|  32|0x00000000e2000000, 0x00000000e2100000, 0x00000000e2100000|100%| O|  |TAMS 0x00000000e2000000| PB 0x00000000e2000000| Untracked |  0
|  33|0x00000000e2100000, 0x00000000e2200000, 0x00000000e2200000|100%| O|  |TAMS 0x00000000e2100000| PB 0x00000000e2100000| Untracked |  0
|  34|0x00000000e2200000, 0x00000000e2300000, 0x00000000e2300000|100%| O|  |TAMS 0x00000000e2200000| PB 0x00000000e2200000| Untracked |  0
|  35|0x00000000e2300000, 0x00000000e2400000, 0x00000000e2400000|100%| O|  |TAMS 0x00000000e2300000| PB 0x00000000e2300000| Untracked |  0
|  36|0x00000000e2400000, 0x00000000e2500000, 0x00000000e2500000|100%| O|  |TAMS 0x00000000e2400000| PB 0x00000000e2400000| Untracked |  0
|  37|0x00000000e2500000, 0x00000000e2600000, 0x00000000e2600000|100%| O|  |TAMS 0x00000000e2500000| PB 0x00000000e2500000| Untracked |  0
|  38|0x00000000e2600000, 0x00000000e2700000, 0x00000000e2700000|100%| O|  |TAMS 0x00000000e2600000| PB 0x00000000e2600000| Untracked |  0
|  39|0x00000000e2700000, 0x00000000e2800000, 0x00000000e2800000|100%| O|  |TAMS 0x00000000e2700000| PB 0x00000000e2700000| Untracked |  0
|  40|0x00000000e2800000, 0x00000000e2900000, 0x00000000e2900000|100%| O|  |TAMS 0x00000000e2800000| PB 0x00000000e2800000| Untracked |  0
|  41|0x00000000e2900000, 0x00000000e2a00000, 0x00000000e2a00000|100%| O|  |TAMS 0x00000000e2900000| PB 0x00000000e2900000| Untracked |  0
|  42|0x00000000e2a00000, 0x00000000e2b00000, 0x00000000e2b00000|100%| O|  |TAMS 0x00000000e2a00000| PB 0x00000000e2a00000| Untracked |  0
|  43|0x00000000e2b00000, 0x00000000e2c00000, 0x00000000e2c00000|100%| O|  |TAMS 0x00000000e2b00000| PB 0x00000000e2b00000| Untracked |  0
|  44|0x00000000e2c00000, 0x00000000e2d00000, 0x00000000e2d00000|100%| O|  |TAMS 0x00000000e2c00000| PB 0x00000000e2c00000| Untracked |  0
|  45|0x00000000e2d00000, 0x00000000e2e00000, 0x00000000e2e00000|100%| O|  |TAMS 0x00000000e2d00000| PB 0x00000000e2d00000| Untracked |  0
|  46|0x00000000e2e00000, 0x00000000e2f00000, 0x00000000e2f00000|100%| O|  |TAMS 0x00000000e2e00000| PB 0x00000000e2e00000| Untracked |  0
|  47|0x00000000e2f00000, 0x00000000e3000000, 0x00000000e3000000|100%| O|  |TAMS 0x00000000e2f00000| PB 0x00000000e2f00000| Untracked |  0
|  48|0x00000000e3000000, 0x00000000e3100000, 0x00000000e3100000|100%| O|  |TAMS 0x00000000e3000000| PB 0x00000000e3000000| Untracked |  0
|  49|0x00000000e3100000, 0x00000000e3200000, 0x00000000e3200000|100%| O|Cm|TAMS 0x00000000e3100000| PB 0x00000000e3100000| Complete |  0
|  50|0x00000000e3200000, 0x00000000e3290400, 0x00000000e3300000| 56%| O|  |TAMS 0x00000000e3200000| PB 0x00000000e3200000| Untracked |  0
|  51|0x00000000e3300000, 0x00000000e3300000, 0x00000000e3400000|  0%| F|  |TAMS 0x00000000e3300000| PB 0x00000000e3300000| Untracked |  0
|  52|0x00000000e3400000, 0x00000000e3400000, 0x00000000e3500000|  0%| F|  |TAMS 0x00000000e3400000| PB 0x00000000e3400000| Untracked |  0
|  53|0x00000000e3500000, 0x00000000e3500000, 0x00000000e3600000|  0%| F|  |TAMS 0x00000000e3500000| PB 0x00000000e3500000| Untracked |  0
|  54|0x00000000e3600000, 0x00000000e3600000, 0x00000000e3700000|  0%| F|  |TAMS 0x00000000e3600000| PB 0x00000000e3600000| Untracked |  0
|  55|0x00000000e3700000, 0x00000000e3700000, 0x00000000e3800000|  0%| F|  |TAMS 0x00000000e3700000| PB 0x00000000e3700000| Untracked |  0
|  56|0x00000000e3800000, 0x00000000e3800000, 0x00000000e3900000|  0%| F|  |TAMS 0x00000000e3800000| PB 0x00000000e3800000| Untracked |  0
|  57|0x00000000e3900000, 0x00000000e3900000, 0x00000000e3a00000|  0%| F|  |TAMS 0x00000000e3900000| PB 0x00000000e3900000| Untracked |  0
|  58|0x00000000e3a00000, 0x00000000e3a00000, 0x00000000e3b00000|  0%| F|  |TAMS 0x00000000e3a00000| PB 0x00000000e3a00000| Untracked |  0
|  59|0x00000000e3b00000, 0x00000000e3b00000, 0x00000000e3c00000|  0%| F|  |TAMS 0x00000000e3b00000| PB 0x00000000e3b00000| Untracked |  0
|  60|0x00000000e3c00000, 0x00000000e3c00000, 0x00000000e3d00000|  0%| F|  |TAMS 0x00000000e3c00000| PB 0x00000000e3c00000| Untracked |  0
|  61|0x00000000e3d00000, 0x00000000e3d00000, 0x00000000e3e00000|  0%| F|  |TAMS 0x00000000e3d00000| PB 0x00000000e3d00000| Untracked |  0
|  62|0x00000000e3e00000, 0x00000000e3e00000, 0x00000000e3f00000|  0%| F|  |TAMS 0x00000000e3e00000| PB 0x00000000e3e00000| Untracked |  0
|  63|0x00000000e3f00000, 0x00000000e3f00000, 0x00000000e4000000|  0%| F|  |TAMS 0x00000000e3f00000| PB 0x00000000e3f00000| Untracked |  0
|  64|0x00000000e4000000, 0x00000000e4000000, 0x00000000e4100000|  0%| F|  |TAMS 0x00000000e4000000| PB 0x00000000e4000000| Untracked |  0
|  65|0x00000000e4100000, 0x00000000e4100000, 0x00000000e4200000|  0%| F|  |TAMS 0x00000000e4100000| PB 0x00000000e4100000| Untracked |  0
|  66|0x00000000e4200000, 0x00000000e4200000, 0x00000000e4300000|  0%| F|  |TAMS 0x00000000e4200000| PB 0x00000000e4200000| Untracked |  0
|  67|0x00000000e4300000, 0x00000000e4300000, 0x00000000e4400000|  0%| F|  |TAMS 0x00000000e4300000| PB 0x00000000e4300000| Untracked |  0
|  68|0x00000000e4400000, 0x00000000e4400000, 0x00000000e4500000|  0%| F|  |TAMS 0x00000000e4400000| PB 0x00000000e4400000| Untracked |  0
|  69|0x00000000e4500000, 0x00000000e4500000, 0x00000000e4600000|  0%| F|  |TAMS 0x00000000e4500000| PB 0x00000000e4500000| Untracked |  0
|  70|0x00000000e4600000, 0x00000000e4600000, 0x00000000e4700000|  0%| F|  |TAMS 0x00000000e4600000| PB 0x00000000e4600000| Untracked |  0
|  71|0x00000000e4700000, 0x00000000e4700000, 0x00000000e4800000|  0%| F|  |TAMS 0x00000000e4700000| PB 0x00000000e4700000| Untracked |  0
|  72|0x00000000e4800000, 0x00000000e4800000, 0x00000000e4900000|  0%| F|  |TAMS 0x00000000e4800000| PB 0x00000000e4800000| Untracked |  0
|  73|0x00000000e4900000, 0x00000000e4900000, 0x00000000e4a00000|  0%| F|  |TAMS 0x00000000e4900000| PB 0x00000000e4900000| Untracked |  0
|  74|0x00000000e4a00000, 0x00000000e4a00000, 0x00000000e4b00000|  0%| F|  |TAMS 0x00000000e4a00000| PB 0x00000000e4a00000| Untracked |  0
|  75|0x00000000e4b00000, 0x00000000e4b00000, 0x00000000e4c00000|  0%| F|  |TAMS 0x00000000e4b00000| PB 0x00000000e4b00000| Untracked |  0
|  76|0x00000000e4c00000, 0x00000000e4c00000, 0x00000000e4d00000|  0%| F|  |TAMS 0x00000000e4c00000| PB 0x00000000e4c00000| Untracked |  0
|  77|0x00000000e4d00000, 0x00000000e4d00000, 0x00000000e4e00000|  0%| F|  |TAMS 0x00000000e4d00000| PB 0x00000000e4d00000| Untracked |  0
|  78|0x00000000e4e00000, 0x00000000e4e00000, 0x00000000e4f00000|  0%| F|  |TAMS 0x00000000e4e00000| PB 0x00000000e4e00000| Untracked |  0
|  79|0x00000000e4f00000, 0x00000000e4f00000, 0x00000000e5000000|  0%| F|  |TAMS 0x00000000e4f00000| PB 0x00000000e4f00000| Untracked |  0
|  80|0x00000000e5000000, 0x00000000e5000000, 0x00000000e5100000|  0%| F|  |TAMS 0x00000000e5000000| PB 0x00000000e5000000| Untracked |  0
|  81|0x00000000e5100000, 0x00000000e5100000, 0x00000000e5200000|  0%| F|  |TAMS 0x00000000e5100000| PB 0x00000000e5100000| Untracked |  0
|  82|0x00000000e5200000, 0x00000000e5200000, 0x00000000e5300000|  0%| F|  |TAMS 0x00000000e5200000| PB 0x00000000e5200000| Untracked |  0
|  83|0x00000000e5300000, 0x00000000e5300000, 0x00000000e5400000|  0%| F|  |TAMS 0x00000000e5300000| PB 0x00000000e5300000| Untracked |  0
|  84|0x00000000e5400000, 0x00000000e5400000, 0x00000000e5500000|  0%| F|  |TAMS 0x00000000e5400000| PB 0x00000000e5400000| Untracked |  0
|  85|0x00000000e5500000, 0x00000000e5500000, 0x00000000e5600000|  0%| F|  |TAMS 0x00000000e5500000| PB 0x00000000e5500000| Untracked |  0
|  86|0x00000000e5600000, 0x00000000e5600000, 0x00000000e5700000|  0%| F|  |TAMS 0x00000000e5600000| PB 0x00000000e5600000| Untracked |  0
|  87|0x00000000e5700000, 0x00000000e5700000, 0x00000000e5800000|  0%| F|  |TAMS 0x00000000e5700000| PB 0x00000000e5700000| Untracked |  0
|  88|0x00000000e5800000, 0x00000000e5800000, 0x00000000e5900000|  0%| F|  |TAMS 0x00000000e5800000| PB 0x00000000e5800000| Untracked |  0
|  89|0x00000000e5900000, 0x00000000e5900000, 0x00000000e5a00000|  0%| F|  |TAMS 0x00000000e5900000| PB 0x00000000e5900000| Untracked |  0
|  90|0x00000000e5a00000, 0x00000000e5a00000, 0x00000000e5b00000|  0%| F|  |TAMS 0x00000000e5a00000| PB 0x00000000e5a00000| Untracked |  0
|  91|0x00000000e5b00000, 0x00000000e5b00000, 0x00000000e5c00000|  0%| F|  |TAMS 0x00000000e5b00000| PB 0x00000000e5b00000| Untracked |  0
|  92|0x00000000e5c00000, 0x00000000e5c00000, 0x00000000e5d00000|  0%| F|  |TAMS 0x00000000e5c00000| PB 0x00000000e5c00000| Untracked |  0
|  93|0x00000000e5d00000, 0x00000000e5d00000, 0x00000000e5e00000|  0%| F|  |TAMS 0x00000000e5d00000| PB 0x00000000e5d00000| Untracked |  0
|  94|0x00000000e5e00000, 0x00000000e5e00000, 0x00000000e5f00000|  0%| F|  |TAMS 0x00000000e5e00000| PB 0x00000000e5e00000| Untracked |  0
|  95|0x00000000e5f00000, 0x00000000e5f00000, 0x00000000e6000000|  0%| F|  |TAMS 0x00000000e5f00000| PB 0x00000000e5f00000| Untracked |  0
|  96|0x00000000e6000000, 0x00000000e6000000, 0x00000000e6100000|  0%| F|  |TAMS 0x00000000e6000000| PB 0x00000000e6000000| Untracked |  0
|  97|0x00000000e6100000, 0x00000000e6100000, 0x00000000e6200000|  0%| F|  |TAMS 0x00000000e6100000| PB 0x00000000e6100000| Untracked |  0
|  98|0x00000000e6200000, 0x00000000e6200000, 0x00000000e6300000|  0%| F|  |TAMS 0x00000000e6200000| PB 0x00000000e6200000| Untracked |  0
|  99|0x00000000e6300000, 0x00000000e6300000, 0x00000000e6400000|  0%| F|  |TAMS 0x00000000e6300000| PB 0x00000000e6300000| Untracked |  0
| 100|0x00000000e6400000, 0x00000000e6400000, 0x00000000e6500000|  0%| F|  |TAMS 0x00000000e6400000| PB 0x00000000e6400000| Untracked |  0
| 101|0x00000000e6500000, 0x00000000e6500000, 0x00000000e6600000|  0%| F|  |TAMS 0x00000000e6500000| PB 0x00000000e6500000| Untracked |  0
| 102|0x00000000e6600000, 0x00000000e6600000, 0x00000000e6700000|  0%| F|  |TAMS 0x00000000e6600000| PB 0x00000000e6600000| Untracked |  0
| 103|0x00000000e6700000, 0x00000000e6700000, 0x00000000e6800000|  0%| F|  |TAMS 0x00000000e6700000| PB 0x00000000e6700000| Untracked |  0
| 104|0x00000000e6800000, 0x00000000e6800000, 0x00000000e6900000|  0%| F|  |TAMS 0x00000000e6800000| PB 0x00000000e6800000| Untracked |  0
| 105|0x00000000e6900000, 0x00000000e6900000, 0x00000000e6a00000|  0%| F|  |TAMS 0x00000000e6900000| PB 0x00000000e6900000| Untracked |  0
| 106|0x00000000e6a00000, 0x00000000e6a00000, 0x00000000e6b00000|  0%| F|  |TAMS 0x00000000e6a00000| PB 0x00000000e6a00000| Untracked |  0
| 107|0x00000000e6b00000, 0x00000000e6b00000, 0x00000000e6c00000|  0%| F|  |TAMS 0x00000000e6b00000| PB 0x00000000e6b00000| Untracked |  0
| 108|0x00000000e6c00000, 0x00000000e6c00000, 0x00000000e6d00000|  0%| F|  |TAMS 0x00000000e6c00000| PB 0x00000000e6c00000| Untracked |  0
| 109|0x00000000e6d00000, 0x00000000e6d00000, 0x00000000e6e00000|  0%| F|  |TAMS 0x00000000e6d00000| PB 0x00000000e6d00000| Untracked |  0
| 110|0x00000000e6e00000, 0x00000000e6e00000, 0x00000000e6f00000|  0%| F|  |TAMS 0x00000000e6e00000| PB 0x00000000e6e00000| Untracked |  0
| 111|0x00000000e6f00000, 0x00000000e6f00000, 0x00000000e7000000|  0%| F|  |TAMS 0x00000000e6f00000| PB 0x00000000e6f00000| Untracked |  0
| 112|0x00000000e7000000, 0x00000000e7000000, 0x00000000e7100000|  0%| F|  |TAMS 0x00000000e7000000| PB 0x00000000e7000000| Untracked |  0
| 113|0x00000000e7100000, 0x00000000e7100000, 0x00000000e7200000|  0%| F|  |TAMS 0x00000000e7100000| PB 0x00000000e7100000| Untracked |  0
| 114|0x00000000e7200000, 0x00000000e7200000, 0x00000000e7300000|  0%| F|  |TAMS 0x00000000e7200000| PB 0x00000000e7200000| Untracked |  0
| 115|0x00000000e7300000, 0x00000000e7300000, 0x00000000e7400000|  0%| F|  |TAMS 0x00000000e7300000| PB 0x00000000e7300000| Untracked |  0
| 116|0x00000000e7400000, 0x00000000e7400000, 0x00000000e7500000|  0%| F|  |TAMS 0x00000000e7400000| PB 0x00000000e7400000| Untracked |  0
| 117|0x00000000e7500000, 0x00000000e7500000, 0x00000000e7600000|  0%| F|  |TAMS 0x00000000e7500000| PB 0x00000000e7500000| Untracked |  0
| 118|0x00000000e7600000, 0x00000000e7600000, 0x00000000e7700000|  0%| F|  |TAMS 0x00000000e7600000| PB 0x00000000e7600000| Untracked |  0
| 119|0x00000000e7700000, 0x00000000e7700000, 0x00000000e7800000|  0%| F|  |TAMS 0x00000000e7700000| PB 0x00000000e7700000| Untracked |  0
| 120|0x00000000e7800000, 0x00000000e7800000, 0x00000000e7900000|  0%| F|  |TAMS 0x00000000e7800000| PB 0x00000000e7800000| Untracked |  0
| 121|0x00000000e7900000, 0x00000000e7900000, 0x00000000e7a00000|  0%| F|  |TAMS 0x00000000e7900000| PB 0x00000000e7900000| Untracked |  0
| 122|0x00000000e7a00000, 0x00000000e7a00000, 0x00000000e7b00000|  0%| F|  |TAMS 0x00000000e7a00000| PB 0x00000000e7a00000| Untracked |  0
| 123|0x00000000e7b00000, 0x00000000e7b00000, 0x00000000e7c00000|  0%| F|  |TAMS 0x00000000e7b00000| PB 0x00000000e7b00000| Untracked |  0
| 124|0x00000000e7c00000, 0x00000000e7c00000, 0x00000000e7d00000|  0%| F|  |TAMS 0x00000000e7c00000| PB 0x00000000e7c00000| Untracked |  0
| 125|0x00000000e7d00000, 0x00000000e7d00000, 0x00000000e7e00000|  0%| F|  |TAMS 0x00000000e7d00000| PB 0x00000000e7d00000| Untracked |  0
| 126|0x00000000e7e00000, 0x00000000e7e00000, 0x00000000e7f00000|  0%| F|  |TAMS 0x00000000e7e00000| PB 0x00000000e7e00000| Untracked |  0
| 127|0x00000000e7f00000, 0x00000000e7f00000, 0x00000000e8000000|  0%| F|  |TAMS 0x00000000e7f00000| PB 0x00000000e7f00000| Untracked |  0
| 128|0x00000000e8000000, 0x00000000e8000000, 0x00000000e8100000|  0%| F|  |TAMS 0x00000000e8000000| PB 0x00000000e8000000| Untracked |  0
| 129|0x00000000e8100000, 0x00000000e8200000, 0x00000000e8200000|100%| E|  |TAMS 0x00000000e8100000| PB 0x00000000e8100000| Complete |  0
| 130|0x00000000e8200000, 0x00000000e8300000, 0x00000000e8300000|100%| E|CS|TAMS 0x00000000e8200000| PB 0x00000000e8200000| Complete |  0
| 131|0x00000000e8300000, 0x00000000e8400000, 0x00000000e8400000|100%| E|CS|TAMS 0x00000000e8300000| PB 0x00000000e8300000| Complete |  0
| 132|0x00000000e8400000, 0x00000000e8500000, 0x00000000e8500000|100%| E|CS|TAMS 0x00000000e8400000| PB 0x00000000e8400000| Complete |  0
| 133|0x00000000e8500000, 0x00000000e8600000, 0x00000000e8600000|100%| E|CS|TAMS 0x00000000e8500000| PB 0x00000000e8500000| Complete |  0
| 134|0x00000000e8600000, 0x00000000e8700000, 0x00000000e8700000|100%| E|CS|TAMS 0x00000000e8600000| PB 0x00000000e8600000| Complete |  0
| 135|0x00000000e8700000, 0x00000000e8800000, 0x00000000e8800000|100%| E|CS|TAMS 0x00000000e8700000| PB 0x00000000e8700000| Complete |  0
| 136|0x00000000e8800000, 0x00000000e8900000, 0x00000000e8900000|100%| E|CS|TAMS 0x00000000e8800000| PB 0x00000000e8800000| Complete |  0
| 137|0x00000000e8900000, 0x00000000e8a00000, 0x00000000e8a00000|100%| E|CS|TAMS 0x00000000e8900000| PB 0x00000000e8900000| Complete |  0
| 138|0x00000000e8a00000, 0x00000000e8b00000, 0x00000000e8b00000|100%| E|CS|TAMS 0x00000000e8a00000| PB 0x00000000e8a00000| Complete |  0
| 139|0x00000000e8b00000, 0x00000000e8c00000, 0x00000000e8c00000|100%| E|CS|TAMS 0x00000000e8b00000| PB 0x00000000e8b00000| Complete |  0
| 140|0x00000000e8c00000, 0x00000000e8d00000, 0x00000000e8d00000|100%| E|CS|TAMS 0x00000000e8c00000| PB 0x00000000e8c00000| Complete |  0
| 141|0x00000000e8d00000, 0x00000000e8e00000, 0x00000000e8e00000|100%| E|CS|TAMS 0x00000000e8d00000| PB 0x00000000e8d00000| Complete |  0
| 142|0x00000000e8e00000, 0x00000000e8f00000, 0x00000000e8f00000|100%| E|CS|TAMS 0x00000000e8e00000| PB 0x00000000e8e00000| Complete |  0
| 143|0x00000000e8f00000, 0x00000000e9000000, 0x00000000e9000000|100%| E|CS|TAMS 0x00000000e8f00000| PB 0x00000000e8f00000| Complete |  0
| 144|0x00000000e9000000, 0x00000000e9100000, 0x00000000e9100000|100%| E|CS|TAMS 0x00000000e9000000| PB 0x00000000e9000000| Complete |  0
| 145|0x00000000e9100000, 0x00000000e9200000, 0x00000000e9200000|100%| E|CS|TAMS 0x00000000e9100000| PB 0x00000000e9100000| Complete |  0
| 146|0x00000000e9200000, 0x00000000e9300000, 0x00000000e9300000|100%| E|CS|TAMS 0x00000000e9200000| PB 0x00000000e9200000| Complete |  0
| 147|0x00000000e9300000, 0x00000000e9400000, 0x00000000e9400000|100%| E|CS|TAMS 0x00000000e9300000| PB 0x00000000e9300000| Complete |  0
| 148|0x00000000e9400000, 0x00000000e9500000, 0x00000000e9500000|100%| E|CS|TAMS 0x00000000e9400000| PB 0x00000000e9400000| Complete |  0
| 149|0x00000000e9500000, 0x00000000e9600000, 0x00000000e9600000|100%| E|CS|TAMS 0x00000000e9500000| PB 0x00000000e9500000| Complete |  0
| 150|0x00000000e9600000, 0x00000000e9700000, 0x00000000e9700000|100%| E|CS|TAMS 0x00000000e9600000| PB 0x00000000e9600000| Complete |  0
| 151|0x00000000e9700000, 0x00000000e9800000, 0x00000000e9800000|100%| E|CS|TAMS 0x00000000e9700000| PB 0x00000000e9700000| Complete |  0
| 152|0x00000000e9800000, 0x00000000e9900000, 0x00000000e9900000|100%| E|CS|TAMS 0x00000000e9800000| PB 0x00000000e9800000| Complete |  0
| 153|0x00000000e9900000, 0x00000000e9a00000, 0x00000000e9a00000|100%| E|CS|TAMS 0x00000000e9900000| PB 0x00000000e9900000| Complete |  0
| 154|0x00000000e9a00000, 0x00000000e9b00000, 0x00000000e9b00000|100%| E|CS|TAMS 0x00000000e9a00000| PB 0x00000000e9a00000| Complete |  0
| 155|0x00000000e9b00000, 0x00000000e9c00000, 0x00000000e9c00000|100%| E|CS|TAMS 0x00000000e9b00000| PB 0x00000000e9b00000| Complete |  0
| 156|0x00000000e9c00000, 0x00000000e9d00000, 0x00000000e9d00000|100%| E|CS|TAMS 0x00000000e9c00000| PB 0x00000000e9c00000| Complete |  0
| 157|0x00000000e9d00000, 0x00000000e9e00000, 0x00000000e9e00000|100%| E|CS|TAMS 0x00000000e9d00000| PB 0x00000000e9d00000| Complete |  0
| 158|0x00000000e9e00000, 0x00000000e9f00000, 0x00000000e9f00000|100%| E|CS|TAMS 0x00000000e9e00000| PB 0x00000000e9e00000| Complete |  0
| 159|0x00000000e9f00000, 0x00000000ea000000, 0x00000000ea000000|100%| E|CS|TAMS 0x00000000e9f00000| PB 0x00000000e9f00000| Complete |  0
| 160|0x00000000ea000000, 0x00000000ea100000, 0x00000000ea100000|100%| E|CS|TAMS 0x00000000ea000000| PB 0x00000000ea000000| Complete |  0
| 161|0x00000000ea100000, 0x00000000ea200000, 0x00000000ea200000|100%| E|CS|TAMS 0x00000000ea100000| PB 0x00000000ea100000| Complete |  0
| 162|0x00000000ea200000, 0x00000000ea300000, 0x00000000ea300000|100%| E|CS|TAMS 0x00000000ea200000| PB 0x00000000ea200000| Complete |  0
| 163|0x00000000ea300000, 0x00000000ea400000, 0x00000000ea400000|100%| E|CS|TAMS 0x00000000ea300000| PB 0x00000000ea300000| Complete |  0
| 164|0x00000000ea400000, 0x00000000ea500000, 0x00000000ea500000|100%| E|CS|TAMS 0x00000000ea400000| PB 0x00000000ea400000| Complete |  0
| 165|0x00000000ea500000, 0x00000000ea600000, 0x00000000ea600000|100%| E|CS|TAMS 0x00000000ea500000| PB 0x00000000ea500000| Complete |  0
| 166|0x00000000ea600000, 0x00000000ea700000, 0x00000000ea700000|100%| E|CS|TAMS 0x00000000ea600000| PB 0x00000000ea600000| Complete |  0
| 167|0x00000000ea700000, 0x00000000ea800000, 0x00000000ea800000|100%| E|CS|TAMS 0x00000000ea700000| PB 0x00000000ea700000| Complete |  0
| 168|0x00000000ea800000, 0x00000000ea900000, 0x00000000ea900000|100%| E|CS|TAMS 0x00000000ea800000| PB 0x00000000ea800000| Complete |  0
| 169|0x00000000ea900000, 0x00000000eaa00000, 0x00000000eaa00000|100%| E|CS|TAMS 0x00000000ea900000| PB 0x00000000ea900000| Complete |  0
| 170|0x00000000eaa00000, 0x00000000eab00000, 0x00000000eab00000|100%| E|CS|TAMS 0x00000000eaa00000| PB 0x00000000eaa00000| Complete |  0
| 171|0x00000000eab00000, 0x00000000eac00000, 0x00000000eac00000|100%| E|CS|TAMS 0x00000000eab00000| PB 0x00000000eab00000| Complete |  0
| 172|0x00000000eac00000, 0x00000000ead00000, 0x00000000ead00000|100%| E|CS|TAMS 0x00000000eac00000| PB 0x00000000eac00000| Complete |  0
| 173|0x00000000ead00000, 0x00000000eae00000, 0x00000000eae00000|100%| E|CS|TAMS 0x00000000ead00000| PB 0x00000000ead00000| Complete |  0
| 174|0x00000000eae00000, 0x00000000eaf00000, 0x00000000eaf00000|100%| E|CS|TAMS 0x00000000eae00000| PB 0x00000000eae00000| Complete |  0
| 175|0x00000000eaf00000, 0x00000000eb000000, 0x00000000eb000000|100%| E|CS|TAMS 0x00000000eaf00000| PB 0x00000000eaf00000| Complete |  0
| 176|0x00000000eb000000, 0x00000000eb100000, 0x00000000eb100000|100%| E|CS|TAMS 0x00000000eb000000| PB 0x00000000eb000000| Complete |  0
| 177|0x00000000eb100000, 0x00000000eb200000, 0x00000000eb200000|100%| E|CS|TAMS 0x00000000eb100000| PB 0x00000000eb100000| Complete |  0
| 178|0x00000000eb200000, 0x00000000eb300000, 0x00000000eb300000|100%| E|CS|TAMS 0x00000000eb200000| PB 0x00000000eb200000| Complete |  0
| 179|0x00000000eb300000, 0x00000000eb400000, 0x00000000eb400000|100%| E|CS|TAMS 0x00000000eb300000| PB 0x00000000eb300000| Complete |  0
| 180|0x00000000eb400000, 0x00000000eb500000, 0x00000000eb500000|100%| E|CS|TAMS 0x00000000eb400000| PB 0x00000000eb400000| Complete |  0
| 181|0x00000000eb500000, 0x00000000eb600000, 0x00000000eb600000|100%| E|CS|TAMS 0x00000000eb500000| PB 0x00000000eb500000| Complete |  0
| 182|0x00000000eb600000, 0x00000000eb700000, 0x00000000eb700000|100%| E|CS|TAMS 0x00000000eb600000| PB 0x00000000eb600000| Complete |  0
| 183|0x00000000eb700000, 0x00000000eb800000, 0x00000000eb800000|100%| E|CS|TAMS 0x00000000eb700000| PB 0x00000000eb700000| Complete |  0
| 184|0x00000000eb800000, 0x00000000eb900000, 0x00000000eb900000|100%| E|CS|TAMS 0x00000000eb800000| PB 0x00000000eb800000| Complete |  0
| 185|0x00000000eb900000, 0x00000000eba00000, 0x00000000eba00000|100%| E|CS|TAMS 0x00000000eb900000| PB 0x00000000eb900000| Complete |  0
| 186|0x00000000eba00000, 0x00000000ebb00000, 0x00000000ebb00000|100%| E|CS|TAMS 0x00000000eba00000| PB 0x00000000eba00000| Complete |  0
| 187|0x00000000ebb00000, 0x00000000ebc00000, 0x00000000ebc00000|100%| E|CS|TAMS 0x00000000ebb00000| PB 0x00000000ebb00000| Complete |  0
| 188|0x00000000ebc00000, 0x00000000ebd00000, 0x00000000ebd00000|100%| E|CS|TAMS 0x00000000ebc00000| PB 0x00000000ebc00000| Complete |  0
| 189|0x00000000ebd00000, 0x00000000ebe00000, 0x00000000ebe00000|100%| E|CS|TAMS 0x00000000ebd00000| PB 0x00000000ebd00000| Complete |  0
| 190|0x00000000ebe00000, 0x00000000ebf00000, 0x00000000ebf00000|100%| E|CS|TAMS 0x00000000ebe00000| PB 0x00000000ebe00000| Complete |  0
| 191|0x00000000ebf00000, 0x00000000ec000000, 0x00000000ec000000|100%| E|CS|TAMS 0x00000000ebf00000| PB 0x00000000ebf00000| Complete |  0
| 192|0x00000000ec000000, 0x00000000ec100000, 0x00000000ec100000|100%| E|CS|TAMS 0x00000000ec000000| PB 0x00000000ec000000| Complete |  0
| 193|0x00000000ec100000, 0x00000000ec200000, 0x00000000ec200000|100%| E|CS|TAMS 0x00000000ec100000| PB 0x00000000ec100000| Complete |  0
| 194|0x00000000ec200000, 0x00000000ec300000, 0x00000000ec300000|100%| E|CS|TAMS 0x00000000ec200000| PB 0x00000000ec200000| Complete |  0
| 195|0x00000000ec300000, 0x00000000ec400000, 0x00000000ec400000|100%| E|CS|TAMS 0x00000000ec300000| PB 0x00000000ec300000| Complete |  0
| 196|0x00000000ec400000, 0x00000000ec500000, 0x00000000ec500000|100%| E|CS|TAMS 0x00000000ec400000| PB 0x00000000ec400000| Complete |  0
| 197|0x00000000ec500000, 0x00000000ec600000, 0x00000000ec600000|100%| E|CS|TAMS 0x00000000ec500000| PB 0x00000000ec500000| Complete |  0
| 198|0x00000000ec600000, 0x00000000ec700000, 0x00000000ec700000|100%| E|CS|TAMS 0x00000000ec600000| PB 0x00000000ec600000| Complete |  0
| 199|0x00000000ec700000, 0x00000000ec800000, 0x00000000ec800000|100%| E|CS|TAMS 0x00000000ec700000| PB 0x00000000ec700000| Complete |  0
| 200|0x00000000ec800000, 0x00000000ec900000, 0x00000000ec900000|100%| E|CS|TAMS 0x00000000ec800000| PB 0x00000000ec800000| Complete |  0
| 201|0x00000000ec900000, 0x00000000eca00000, 0x00000000eca00000|100%| E|CS|TAMS 0x00000000ec900000| PB 0x00000000ec900000| Complete |  0
| 202|0x00000000eca00000, 0x00000000ecb00000, 0x00000000ecb00000|100%| E|CS|TAMS 0x00000000eca00000| PB 0x00000000eca00000| Complete |  0
| 203|0x00000000ecb00000, 0x00000000ecc00000, 0x00000000ecc00000|100%| E|CS|TAMS 0x00000000ecb00000| PB 0x00000000ecb00000| Complete |  0
| 204|0x00000000ecc00000, 0x00000000ecd00000, 0x00000000ecd00000|100%| E|CS|TAMS 0x00000000ecc00000| PB 0x00000000ecc00000| Complete |  0
| 205|0x00000000ecd00000, 0x00000000ece00000, 0x00000000ece00000|100%| E|CS|TAMS 0x00000000ecd00000| PB 0x00000000ecd00000| Complete |  0
| 206|0x00000000ece00000, 0x00000000ecf00000, 0x00000000ecf00000|100%| E|CS|TAMS 0x00000000ece00000| PB 0x00000000ece00000| Complete |  0
| 207|0x00000000ecf00000, 0x00000000ed000000, 0x00000000ed000000|100%| E|CS|TAMS 0x00000000ecf00000| PB 0x00000000ecf00000| Complete |  0
| 208|0x00000000ed000000, 0x00000000ed100000, 0x00000000ed100000|100%| E|CS|TAMS 0x00000000ed000000| PB 0x00000000ed000000| Complete |  0
| 209|0x00000000ed100000, 0x00000000ed200000, 0x00000000ed200000|100%| E|CS|TAMS 0x00000000ed100000| PB 0x00000000ed100000| Complete |  0
| 210|0x00000000ed200000, 0x00000000ed300000, 0x00000000ed300000|100%| E|CS|TAMS 0x00000000ed200000| PB 0x00000000ed200000| Complete |  0
| 211|0x00000000ed300000, 0x00000000ed400000, 0x00000000ed400000|100%| E|CS|TAMS 0x00000000ed300000| PB 0x00000000ed300000| Complete |  0
| 212|0x00000000ed400000, 0x00000000ed500000, 0x00000000ed500000|100%| E|CS|TAMS 0x00000000ed400000| PB 0x00000000ed400000| Complete |  0
| 213|0x00000000ed500000, 0x00000000ed600000, 0x00000000ed600000|100%| E|CS|TAMS 0x00000000ed500000| PB 0x00000000ed500000| Complete |  0
| 214|0x00000000ed600000, 0x00000000ed700000, 0x00000000ed700000|100%| E|CS|TAMS 0x00000000ed600000| PB 0x00000000ed600000| Complete |  0
| 215|0x00000000ed700000, 0x00000000ed800000, 0x00000000ed800000|100%| E|CS|TAMS 0x00000000ed700000| PB 0x00000000ed700000| Complete |  0
| 216|0x00000000ed800000, 0x00000000ed900000, 0x00000000ed900000|100%| E|CS|TAMS 0x00000000ed800000| PB 0x00000000ed800000| Complete |  0
| 217|0x00000000ed900000, 0x00000000eda00000, 0x00000000eda00000|100%| E|CS|TAMS 0x00000000ed900000| PB 0x00000000ed900000| Complete |  0
| 218|0x00000000eda00000, 0x00000000edb00000, 0x00000000edb00000|100%| E|CS|TAMS 0x00000000eda00000| PB 0x00000000eda00000| Complete |  0
| 219|0x00000000edb00000, 0x00000000edc00000, 0x00000000edc00000|100%| E|CS|TAMS 0x00000000edb00000| PB 0x00000000edb00000| Complete |  0
| 220|0x00000000edc00000, 0x00000000edd00000, 0x00000000edd00000|100%| E|CS|TAMS 0x00000000edc00000| PB 0x00000000edc00000| Complete |  0
| 221|0x00000000edd00000, 0x00000000ede00000, 0x00000000ede00000|100%| E|CS|TAMS 0x00000000edd00000| PB 0x00000000edd00000| Complete |  0
| 222|0x00000000ede00000, 0x00000000edf00000, 0x00000000edf00000|100%| E|CS|TAMS 0x00000000ede00000| PB 0x00000000ede00000| Complete |  0
| 223|0x00000000edf00000, 0x00000000ee000000, 0x00000000ee000000|100%| E|CS|TAMS 0x00000000edf00000| PB 0x00000000edf00000| Complete |  0
| 224|0x00000000ee000000, 0x00000000ee100000, 0x00000000ee100000|100%| E|CS|TAMS 0x00000000ee000000| PB 0x00000000ee000000| Complete |  0
| 225|0x00000000ee100000, 0x00000000ee200000, 0x00000000ee200000|100%| E|CS|TAMS 0x00000000ee100000| PB 0x00000000ee100000| Complete |  0
| 226|0x00000000ee200000, 0x00000000ee300000, 0x00000000ee300000|100%| E|CS|TAMS 0x00000000ee200000| PB 0x00000000ee200000| Complete |  0
| 227|0x00000000ee300000, 0x00000000ee400000, 0x00000000ee400000|100%| E|CS|TAMS 0x00000000ee300000| PB 0x00000000ee300000| Complete |  0
| 228|0x00000000ee400000, 0x00000000ee500000, 0x00000000ee500000|100%| E|CS|TAMS 0x00000000ee400000| PB 0x00000000ee400000| Complete |  0
| 229|0x00000000ee500000, 0x00000000ee600000, 0x00000000ee600000|100%| E|CS|TAMS 0x00000000ee500000| PB 0x00000000ee500000| Complete |  0
| 230|0x00000000ee600000, 0x00000000ee700000, 0x00000000ee700000|100%| E|CS|TAMS 0x00000000ee600000| PB 0x00000000ee600000| Complete |  0
| 231|0x00000000ee700000, 0x00000000ee800000, 0x00000000ee800000|100%| E|CS|TAMS 0x00000000ee700000| PB 0x00000000ee700000| Complete |  0
| 232|0x00000000ee800000, 0x00000000ee900000, 0x00000000ee900000|100%| E|CS|TAMS 0x00000000ee800000| PB 0x00000000ee800000| Complete |  0
| 233|0x00000000ee900000, 0x00000000eea00000, 0x00000000eea00000|100%| E|CS|TAMS 0x00000000ee900000| PB 0x00000000ee900000| Complete |  0
| 234|0x00000000eea00000, 0x00000000eeb00000, 0x00000000eeb00000|100%| E|CS|TAMS 0x00000000eea00000| PB 0x00000000eea00000| Complete |  0
| 235|0x00000000eeb00000, 0x00000000eec00000, 0x00000000eec00000|100%| E|CS|TAMS 0x00000000eeb00000| PB 0x00000000eeb00000| Complete |  0
| 236|0x00000000eec00000, 0x00000000eed00000, 0x00000000eed00000|100%| E|CS|TAMS 0x00000000eec00000| PB 0x00000000eec00000| Complete |  0
| 237|0x00000000eed00000, 0x00000000eee00000, 0x00000000eee00000|100%| E|CS|TAMS 0x00000000eed00000| PB 0x00000000eed00000| Complete |  0
| 238|0x00000000eee00000, 0x00000000eef00000, 0x00000000eef00000|100%| E|CS|TAMS 0x00000000eee00000| PB 0x00000000eee00000| Complete |  0
| 239|0x00000000eef00000, 0x00000000ef000000, 0x00000000ef000000|100%| E|CS|TAMS 0x00000000eef00000| PB 0x00000000eef00000| Complete |  0
| 240|0x00000000ef000000, 0x00000000ef100000, 0x00000000ef100000|100%| E|CS|TAMS 0x00000000ef000000| PB 0x00000000ef000000| Complete |  0
| 241|0x00000000ef100000, 0x00000000ef200000, 0x00000000ef200000|100%| E|CS|TAMS 0x00000000ef100000| PB 0x00000000ef100000| Complete |  0
| 242|0x00000000ef200000, 0x00000000ef300000, 0x00000000ef300000|100%| E|CS|TAMS 0x00000000ef200000| PB 0x00000000ef200000| Complete |  0
| 243|0x00000000ef300000, 0x00000000ef400000, 0x00000000ef400000|100%| E|CS|TAMS 0x00000000ef300000| PB 0x00000000ef300000| Complete |  0
| 244|0x00000000ef400000, 0x00000000ef500000, 0x00000000ef500000|100%| E|CS|TAMS 0x00000000ef400000| PB 0x00000000ef400000| Complete |  0
| 245|0x00000000ef500000, 0x00000000ef600000, 0x00000000ef600000|100%| E|CS|TAMS 0x00000000ef500000| PB 0x00000000ef500000| Complete |  0
| 246|0x00000000ef600000, 0x00000000ef700000, 0x00000000ef700000|100%| E|CS|TAMS 0x00000000ef600000| PB 0x00000000ef600000| Complete |  0
| 247|0x00000000ef700000, 0x00000000ef723b88, 0x00000000ef800000| 13%| S|CS|TAMS 0x00000000ef700000| PB 0x00000000ef700000| Complete |  0
| 248|0x00000000ef800000, 0x00000000ef900000, 0x00000000ef900000|100%| S|CS|TAMS 0x00000000ef800000| PB 0x00000000ef800000| Complete |  0
| 249|0x00000000ef900000, 0x00000000efa00000, 0x00000000efa00000|100%| S|CS|TAMS 0x00000000ef900000| PB 0x00000000ef900000| Complete |  0
| 250|0x00000000efa00000, 0x00000000efb00000, 0x00000000efb00000|100%| S|CS|TAMS 0x00000000efa00000| PB 0x00000000efa00000| Complete |  0
| 251|0x00000000efb00000, 0x00000000efc00000, 0x00000000efc00000|100%| S|CS|TAMS 0x00000000efb00000| PB 0x00000000efb00000| Complete |  0
| 252|0x00000000efc00000, 0x00000000efd00000, 0x00000000efd00000|100%| S|CS|TAMS 0x00000000efc00000| PB 0x00000000efc00000| Complete |  0
| 253|0x00000000efd00000, 0x00000000efe00000, 0x00000000efe00000|100%| E|CS|TAMS 0x00000000efd00000| PB 0x00000000efd00000| Complete |  0
| 254|0x00000000efe00000, 0x00000000eff00000, 0x00000000eff00000|100%| E|CS|TAMS 0x00000000efe00000| PB 0x00000000efe00000| Complete |  0
| 255|0x00000000eff00000, 0x00000000f0000000, 0x00000000f0000000|100%| E|CS|TAMS 0x00000000eff00000| PB 0x00000000eff00000| Complete |  0

Card table byte_map: [0x000001c8474c0000,0x000001c8475c0000] _byte_map_base: 0x000001c846dc0000

Marking Bits: (CMBitMap*) 0x000001c82f65d830
 Bits: [0x000001c8475c0000, 0x000001c847dc0000)

Polling page: 0x000001c82d460000

Metaspace:

Usage:
  Non-class:     60.73 MB used.
      Class:      9.96 MB used.
       Both:     70.69 MB used.

Virtual space:
  Non-class space:       64.00 MB reserved,      61.69 MB ( 96%) committed,  1 nodes.
      Class space:      320.00 MB reserved,      10.81 MB (  3%) committed,  1 nodes.
             Both:      384.00 MB reserved,      72.50 MB ( 19%) committed. 

Chunk freelists:
   Non-Class:  1.86 MB
       Class:  5.17 MB
        Both:  7.03 MB

MaxMetaspaceSize: 384.00 MB
CompressedClassSpaceSize: 320.00 MB
Initial GC threshold: 21.00 MB
Current GC threshold: 100.25 MB
CDS: on
 - commit_granule_bytes: 65536.
 - commit_granule_words: 8192.
 - virtual_space_node_default_size: 8388608.
 - enlarge_chunks_in_place: 1.
 - use_allocation_guard: 0.


Internal statistics:

num_allocs_failed_limit: 18.
num_arena_births: 3078.
num_arena_deaths: 0.
num_vsnodes_births: 2.
num_vsnodes_deaths: 0.
num_space_committed: 1158.
num_space_uncommitted: 0.
num_chunks_returned_to_freelist: 18.
num_chunks_taken_from_freelist: 5882.
num_chunk_merges: 18.
num_chunk_splits: 4214.
num_chunks_enlarged: 2974.
num_inconsistent_stats: 0.

CodeHeap 'non-profiled nmethods': size=120064Kb used=2465Kb max_used=2465Kb free=117598Kb
 bounds [0x000001c83f820000, 0x000001c83fa90000, 0x000001c846d60000]
CodeHeap 'profiled nmethods': size=120000Kb used=7950Kb max_used=7950Kb free=112049Kb
 bounds [0x000001c837d60000, 0x000001c838530000, 0x000001c83f290000]
CodeHeap 'non-nmethods': size=5696Kb used=2064Kb max_used=2083Kb free=3631Kb
 bounds [0x000001c83f290000, 0x000001c83f500000, 0x000001c83f820000]
CodeCache: size=245760Kb, used=12479Kb, max_used=12498Kb, free=233278Kb
 total_blobs=6279, nmethods=5453, adapters=731, full_count=0
Compilation: enabled, stopped_count=0, restarted_count=0

Compilation events (20 events):
Event: 7.415 Thread 0x000001c84aa717a0 6162       1       org.jetbrains.kotlin.serialization.deserialization.ClassData::component1 (5 bytes)
Event: 7.415 Thread 0x000001c84aa717a0 nmethod 6162 0x000001c83fa78a08 code [0x000001c83fa78b20, 0x000001c83fa78be8]
Event: 7.415 Thread 0x000001c84aa717a0 6163       1       org.jetbrains.kotlin.serialization.deserialization.ClassData::component2 (5 bytes)
Event: 7.415 Thread 0x000001c84aa717a0 nmethod 6163 0x000001c83fa78d08 code [0x000001c83fa78e20, 0x000001c83fa78ee8]
Event: 7.418 Thread 0x000001c84aa717a0 6165       2       org.jetbrains.kotlin.incremental.UtilsKt::recordPackageLookup (94 bytes)
Event: 7.420 Thread 0x000001c84aa717a0 nmethod 6165 0x000001c838511088 code [0x000001c838511420, 0x000001c838512530]
Event: 7.420 Thread 0x000001c84aa717a0 6166       2       org.jetbrains.kotlin.com.intellij.openapi.vfs.VirtualFile::findFileByRelativePath (145 bytes)
Event: 7.421 Thread 0x000001c86584bbe0 nmethod 6013 0x000001c83fa79008 code [0x000001c83fa79320, 0x000001c83fa7bcc0]
Event: 7.421 Thread 0x000001c84aa717a0 nmethod 6166 0x000001c838512608 code [0x000001c8385127c0, 0x000001c838512c48]
Event: 7.421 Thread 0x000001c84aa717a0 6167       2       kotlin.text.StringsKt__StringsKt::indexOf$default (26 bytes)
Event: 7.422 Thread 0x000001c84aa717a0 nmethod 6167 0x000001c838512d08 code [0x000001c838512e20, 0x000001c838512f40]
Event: 7.422 Thread 0x000001c84aa717a0 6168       1       org.jetbrains.kotlin.types.SimpleTypeImpl::getConstructor (5 bytes)
Event: 7.422 Thread 0x000001c84aa717a0 nmethod 6168 0x000001c83fa7be88 code [0x000001c83fa7bfa0, 0x000001c83fa7c068]
Event: 7.424 Thread 0x000001c86584bbe0 6084       4       org.jetbrains.kotlin.metadata.ProtoBuf$Type::getSerializedSize (393 bytes)
Event: 7.428 Thread 0x000001c84aa717a0 6169       1       org.jetbrains.kotlin.types.checker.NewKotlinTypeCheckerImpl::getKotlinTypeRefiner (5 bytes)
Event: 7.428 Thread 0x000001c84aa717a0 nmethod 6169 0x000001c83fa7c188 code [0x000001c83fa7c2a0, 0x000001c83fa7c368]
Event: 7.432 Thread 0x000001c84aa717a0 6170       2       java.io.FilterInputStream::read (11 bytes)
Event: 7.432 Thread 0x000001c84aa717a0 nmethod 6170 0x000001c838513008 code [0x000001c838513120, 0x000001c838513258]
Event: 7.438 Thread 0x000001c86584bbe0 nmethod 6084 0x000001c83fa7c488 code [0x000001c83fa7c720, 0x000001c83fa7d618]
Event: 7.742 Thread 0x000001c84aa717a0 6171       2       java.util.concurrent.locks.AbstractQueuedSynchronizer$ConditionObject::awaitNanos (207 bytes)

GC Heap History (20 events):
Event: 0.514 GC heap before
{Heap before GC invocations=0 (full 0):
 garbage-first heap   total reserved 524288K, committed 262144K, used 27648K [0x00000000e0000000, 0x0000000100000000)
  region size 1024K, 24 young (24576K), 0 survivors (0K)
 Metaspace       used 3469K, committed 3648K, reserved 393216K
  class space    used 463K, committed 576K, reserved 327680K
}
Event: 0.518 GC heap after
{Heap after GC invocations=1 (full 0):
 garbage-first heap   total reserved 524288K, committed 262144K, used 10573K [0x00000000e0000000, 0x0000000100000000)
  region size 1024K, 3 young (3072K), 3 survivors (3072K)
 Metaspace       used 3469K, committed 3648K, reserved 393216K
  class space    used 463K, committed 576K, reserved 327680K
}
Event: 0.866 GC heap before
{Heap before GC invocations=1 (full 0):
 garbage-first heap   total reserved 524288K, committed 262144K, used 33101K [0x00000000e0000000, 0x0000000100000000)
  region size 1024K, 25 young (25600K), 3 survivors (3072K)
 Metaspace       used 4320K, committed 4608K, reserved 393216K
  class space    used 559K, committed 704K, reserved 327680K
}
Event: 0.871 GC heap after
{Heap after GC invocations=2 (full 0):
 garbage-first heap   total reserved 524288K, committed 262144K, used 11529K [0x00000000e0000000, 0x0000000100000000)
  region size 1024K, 1 young (1024K), 1 survivors (1024K)
 Metaspace       used 4320K, committed 4608K, reserved 393216K
  class space    used 559K, committed 704K, reserved 327680K
}
Event: 1.976 GC heap before
{Heap before GC invocations=2 (full 0):
 garbage-first heap   total reserved 524288K, committed 262144K, used 71945K [0x00000000e0000000, 0x0000000100000000)
  region size 1024K, 60 young (61440K), 1 survivors (1024K)
 Metaspace       used 13647K, committed 14080K, reserved 393216K
  class space    used 1936K, committed 2112K, reserved 327680K
}
Event: 1.982 GC heap after
{Heap after GC invocations=3 (full 0):
 garbage-first heap   total reserved 524288K, committed 262144K, used 19522K [0x00000000e0000000, 0x0000000100000000)
  region size 1024K, 8 young (8192K), 8 survivors (8192K)
 Metaspace       used 13647K, committed 14080K, reserved 393216K
  class space    used 1936K, committed 2112K, reserved 327680K
}
Event: 3.334 GC heap before
{Heap before GC invocations=3 (full 0):
 garbage-first heap   total reserved 524288K, committed 262144K, used 68674K [0x00000000e0000000, 0x0000000100000000)
  region size 1024K, 58 young (59392K), 8 survivors (8192K)
 Metaspace       used 20749K, committed 21504K, reserved 393216K
  class space    used 3127K, committed 3456K, reserved 327680K
}
Event: 3.340 GC heap after
{Heap after GC invocations=4 (full 0):
 garbage-first heap   total reserved 524288K, committed 262144K, used 23202K [0x00000000e0000000, 0x0000000100000000)
  region size 1024K, 4 young (4096K), 4 survivors (4096K)
 Metaspace       used 20749K, committed 21504K, reserved 393216K
  class space    used 3127K, committed 3456K, reserved 327680K
}
Event: 4.484 GC heap before
{Heap before GC invocations=5 (full 0):
 garbage-first heap   total reserved 524288K, committed 262144K, used 141986K [0x00000000e0000000, 0x0000000100000000)
  region size 1024K, 120 young (122880K), 4 survivors (4096K)
 Metaspace       used 34673K, committed 35968K, reserved 393216K
  class space    used 5024K, committed 5632K, reserved 327680K
}
Event: 4.493 GC heap after
{Heap after GC invocations=6 (full 0):
 garbage-first heap   total reserved 524288K, committed 262144K, used 31249K [0x00000000e0000000, 0x0000000100000000)
  region size 1024K, 12 young (12288K), 12 survivors (12288K)
 Metaspace       used 34673K, committed 35968K, reserved 393216K
  class space    used 5024K, committed 5632K, reserved 327680K
}
Event: 4.556 GC heap before
{Heap before GC invocations=6 (full 0):
 garbage-first heap   total reserved 524288K, committed 262144K, used 33297K [0x00000000e0000000, 0x0000000100000000)
  region size 1024K, 15 young (15360K), 12 survivors (12288K)
 Metaspace       used 34992K, committed 36288K, reserved 393216K
  class space    used 5072K, committed 5696K, reserved 327680K
}
Event: 4.561 GC heap after
{Heap after GC invocations=7 (full 0):
 garbage-first heap   total reserved 524288K, committed 262144K, used 30968K [0x00000000e0000000, 0x0000000100000000)
  region size 1024K, 9 young (9216K), 9 survivors (9216K)
 Metaspace       used 34992K, committed 36288K, reserved 393216K
  class space    used 5072K, committed 5696K, reserved 327680K
}
Event: 4.608 GC heap before
{Heap before GC invocations=7 (full 0):
 garbage-first heap   total reserved 524288K, committed 262144K, used 34040K [0x00000000e0000000, 0x0000000100000000)
  region size 1024K, 13 young (13312K), 9 survivors (9216K)
 Metaspace       used 35360K, committed 36608K, reserved 393216K
  class space    used 5152K, committed 5760K, reserved 327680K
}
Event: 4.612 GC heap after
{Heap after GC invocations=8 (full 0):
 garbage-first heap   total reserved 524288K, committed 262144K, used 31420K [0x00000000e0000000, 0x0000000100000000)
  region size 1024K, 9 young (9216K), 9 survivors (9216K)
 Metaspace       used 35360K, committed 36608K, reserved 393216K
  class space    used 5152K, committed 5760K, reserved 327680K
}
Event: 5.899 GC heap before
{Heap before GC invocations=9 (full 0):
 garbage-first heap   total reserved 524288K, committed 262144K, used 178876K [0x00000000e0000000, 0x0000000100000000)
  region size 1024K, 146 young (149504K), 9 survivors (9216K)
 Metaspace       used 52963K, committed 54400K, reserved 393216K
  class space    used 7857K, committed 8512K, reserved 327680K
}
Event: 5.912 GC heap after
{Heap after GC invocations=10 (full 0):
 garbage-first heap   total reserved 524288K, committed 262144K, used 43150K [0x00000000e0000000, 0x0000000100000000)
  region size 1024K, 19 young (19456K), 19 survivors (19456K)
 Metaspace       used 52963K, committed 54400K, reserved 393216K
  class space    used 7857K, committed 8512K, reserved 327680K
}
Event: 6.483 GC heap before
{Heap before GC invocations=10 (full 0):
 garbage-first heap   total reserved 524288K, committed 262144K, used 110734K [0x00000000e0000000, 0x0000000100000000)
  region size 1024K, 79 young (80896K), 19 survivors (19456K)
 Metaspace       used 59745K, committed 61120K, reserved 393216K
  class space    used 8640K, committed 9280K, reserved 327680K
}
Event: 6.496 GC heap after
{Heap after GC invocations=11 (full 0):
 garbage-first heap   total reserved 524288K, committed 262144K, used 56499K [0x00000000e0000000, 0x0000000100000000)
  region size 1024K, 6 young (6144K), 6 survivors (6144K)
 Metaspace       used 59745K, committed 61120K, reserved 393216K
  class space    used 8640K, committed 9280K, reserved 327680K
}
Event: 6.514 GC heap before
{Heap before GC invocations=11 (full 0):
 garbage-first heap   total reserved 524288K, committed 262144K, used 58547K [0x00000000e0000000, 0x0000000100000000)
  region size 1024K, 9 young (9216K), 6 survivors (6144K)
 Metaspace       used 60025K, committed 61440K, reserved 393216K
  class space    used 8652K, committed 9280K, reserved 327680K
}
Event: 6.517 GC heap after
{Heap after GC invocations=12 (full 0):
 garbage-first heap   total reserved 524288K, committed 262144K, used 56015K [0x00000000e0000000, 0x0000000100000000)
  region size 1024K, 6 young (6144K), 6 survivors (6144K)
 Metaspace       used 60025K, committed 61440K, reserved 393216K
  class space    used 8652K, committed 9280K, reserved 327680K
}

Dll operation events (15 events):
Event: 0.017 Loaded shared library C:\Program Files\Java\jdk-23\bin\java.dll
Event: 0.041 Loaded shared library C:\Program Files\Java\jdk-23\bin\jsvml.dll
Event: 0.071 Loaded shared library C:\Program Files\Java\jdk-23\bin\zip.dll
Event: 0.074 Loaded shared library C:\Program Files\Java\jdk-23\bin\instrument.dll
Event: 0.077 Loaded shared library C:\Program Files\Java\jdk-23\bin\net.dll
Event: 0.078 Loaded shared library C:\Program Files\Java\jdk-23\bin\nio.dll
Event: 0.081 Loaded shared library C:\Program Files\Java\jdk-23\bin\zip.dll
Event: 0.217 Loaded shared library C:\Program Files\Java\jdk-23\bin\jimage.dll
Event: 0.266 Loaded shared library C:\Program Files\Java\jdk-23\bin\verify.dll
Event: 0.395 Loaded shared library C:\Users\potte\.gradle\native\c067742578af261105cb4f569cf0c3c89f3d7b1fecec35dd04571415982c5e48\windows-amd64\native-platform.dll
Event: 0.412 Loaded shared library C:\Users\potte\.gradle\native\38dada09dfb8b06ba9b0570ebf7e218e3eb74d4ef43ca46872605cf95ebc2f47\windows-amd64\native-platform-file-events.dll
Event: 1.350 Loaded shared library C:\Program Files\Java\jdk-23\bin\management.dll
Event: 1.352 Loaded shared library C:\Program Files\Java\jdk-23\bin\management_ext.dll
Event: 1.521 Loaded shared library C:\Program Files\Java\jdk-23\bin\extnet.dll
Event: 1.638 Loaded shared library C:\Program Files\Java\jdk-23\bin\sunmscapi.dll

Deoptimization events (20 events):
Event: 6.991 Thread 0x000001c8659b9e40 Uncommon trap: trap_request=0xffffffc6 fr.pc=0x000001c83fa40d50 relative=0x00000000000004d0
Event: 6.991 Thread 0x000001c8659b9e40 Uncommon trap: reason=bimorphic_or_optimized_type_check action=maybe_recompile pc=0x000001c83fa40d50 method=org.jetbrains.kotlin.protobuf.CodedInputStream.tryRefillBuffer(I)Z @ 177 c2
Event: 6.991 Thread 0x000001c8659b9e40 DEOPT PACKING pc=0x000001c83fa40d50 sp=0x000000782d5f5630
Event: 6.991 Thread 0x000001c8659b9e40 DEOPT UNPACKING pc=0x000001c83f2e4402 sp=0x000000782d5f5518 mode 2
Event: 6.996 Thread 0x000001c8659b9e40 Uncommon trap: trap_request=0xffffff45 fr.pc=0x000001c83fa2f500 relative=0x00000000000006a0
Event: 6.996 Thread 0x000001c8659b9e40 Uncommon trap: reason=unstable_if action=reinterpret pc=0x000001c83fa2f500 method=org.jetbrains.org.objectweb.asm.ClassReader.readUtf(II[C)Ljava/lang/String; @ 41 c2
Event: 6.996 Thread 0x000001c8659b9e40 DEOPT PACKING pc=0x000001c83fa2f500 sp=0x000000782d5f4c90
Event: 6.996 Thread 0x000001c8659b9e40 DEOPT UNPACKING pc=0x000001c83f2e4402 sp=0x000000782d5f4ba8 mode 2
Event: 7.012 Thread 0x000001c8659b9e40 Uncommon trap: trap_request=0xffffff45 fr.pc=0x000001c83fa2aba0 relative=0x0000000000000560
Event: 7.012 Thread 0x000001c8659b9e40 Uncommon trap: reason=unstable_if action=reinterpret pc=0x000001c83fa2aba0 method=org.jetbrains.org.objectweb.asm.ClassReader.readUtf(II[C)Ljava/lang/String; @ 41 c2
Event: 7.012 Thread 0x000001c8659b9e40 DEOPT PACKING pc=0x000001c83fa2aba0 sp=0x000000782d5f4790
Event: 7.012 Thread 0x000001c8659b9e40 DEOPT UNPACKING pc=0x000001c83f2e4402 sp=0x000000782d5f4758 mode 2
Event: 7.281 Thread 0x000001c8659b9e40 Uncommon trap: trap_request=0xffffff45 fr.pc=0x000001c83fa56598 relative=0x00000000000000f8
Event: 7.281 Thread 0x000001c8659b9e40 Uncommon trap: reason=unstable_if action=reinterpret pc=0x000001c83fa56598 method=java.text.StringCharacterIterator.current()C @ 19 c2
Event: 7.281 Thread 0x000001c8659b9e40 DEOPT PACKING pc=0x000001c83fa56598 sp=0x000000782d5f3100
Event: 7.281 Thread 0x000001c8659b9e40 DEOPT UNPACKING pc=0x000001c83f2e4402 sp=0x000000782d5f3098 mode 2
Event: 7.304 Thread 0x000001c8659b9e40 Uncommon trap: trap_request=0xffffffcc fr.pc=0x000001c83fa6d1d8 relative=0x0000000000002638
Event: 7.304 Thread 0x000001c8659b9e40 Uncommon trap: reason=intrinsic_or_type_checked_inlining action=make_not_entrant pc=0x000001c83fa6d1d8 method=java.util.ArrayList$SubList.toArray([Ljava/lang/Object;)[Ljava/lang/Object; @ 58 c2
Event: 7.304 Thread 0x000001c8659b9e40 DEOPT PACKING pc=0x000001c83fa6d1d8 sp=0x000000782d5f38e0
Event: 7.304 Thread 0x000001c8659b9e40 DEOPT UNPACKING pc=0x000001c83f2e4402 sp=0x000000782d5f3850 mode 2

Classes loaded (20 events):
Event: 5.929 Loading class java/nio/channels/Channels$ReadableByteChannelImpl
Event: 5.929 Loading class java/nio/channels/Channels$ReadableByteChannelImpl done
Event: 5.929 Loading class java/nio/channels/NonWritableChannelException
Event: 5.929 Loading class java/nio/channels/NonWritableChannelException done
Event: 5.929 Loading class sun/nio/ch/Streams
Event: 5.930 Loading class sun/nio/ch/Streams done
Event: 5.930 Loading class sun/nio/ch/ChannelInputStream
Event: 5.930 Loading class sun/nio/ch/ChannelInputStream done
Event: 7.020 Loading class java/text/StringCharacterIterator
Event: 7.020 Loading class java/text/CharacterIterator
Event: 7.021 Loading class java/text/CharacterIterator done
Event: 7.021 Loading class java/text/StringCharacterIterator done
Event: 7.042 Loading class java/io/NotSerializableException
Event: 7.042 Loading class java/io/NotSerializableException done
Event: 7.058 Loading class java/util/AbstractList$ListItr
Event: 7.058 Loading class java/util/AbstractList$ListItr done
Event: 7.209 Loading class java/util/AbstractList$SubList
Event: 7.209 Loading class java/util/AbstractList$SubList done
Event: 7.210 Loading class java/util/AbstractList$SubList$1
Event: 7.210 Loading class java/util/AbstractList$SubList$1 done

Classes unloaded (0 events):
No events

Classes redefined (0 events):
No events

Internal exceptions (20 events):
Event: 5.742 Thread 0x000001c8659b9e40 Exception <a 'java/lang/NoSuchMethodError'{0x00000000e8ee6630}: 'java.lang.Object java.lang.invoke.DelegatingMethodHandle$Holder.reinvoke_L(java.lang.Object, int, long, java.lang.Object, java.lang.Object, int, java.lang.Object)'> (0x00000000e8ee6630) 
thrown [s\open\src\hotspot\share\interpreter\linkResolver.cpp, line 796]
Event: 5.756 Thread 0x000001c8659b9e40 Exception <a 'java/lang/NoSuchMethodError'{0x00000000e8c26a50}: 'void java.lang.invoke.DirectMethodHandle$Holder.invokeStatic(java.lang.Object, java.lang.Object, int, int)'> (0x00000000e8c26a50) 
thrown [s\open\src\hotspot\share\interpreter\linkResolver.cpp, line 796]
Event: 5.785 Thread 0x000001c8659b9e40 Implicit null exception at 0x000001c83f994453 to 0x000001c83f994fa4
Event: 5.915 Thread 0x000001c8659b9e40 Implicit null exception at 0x000001c83fa1c1d5 to 0x000001c83fa1dbc8
Event: 6.702 Thread 0x000001c8659b9e40 Exception <a 'java/lang/NoSuchMethodError'{0x00000000ee253a98}: 'java.lang.Object java.lang.invoke.DirectMethodHandle$Holder.newInvokeSpecial(java.lang.Object, java.lang.Object, java.lang.Object, java.lang.Object, java.lang.Object, java.lang.Object, java.lang.Object, java.lang.Object, java.lang.Object, java.lang.Object, java.lang.Object, java.lang.Object, java.lang.Object, java.lang.Object, java.lang.Object, java.lang.Object, java.lang.Object, java.lang.Object, java.lang.Object)'> (0x00000000ee253a98) 
thr
Event: 6.702 Thread 0x000001c8659b9e40 Exception <a 'java/lang/NoSuchMethodError'{0x00000000ee25b040}: 'java.lang.Object java.lang.invoke.DirectMethodHandle$Holder.invokeSpecial(java.lang.Object, java.lang.Object, java.lang.Object, java.lang.Object, java.lang.Object, java.lang.Object, java.lang.Object, java.lang.Object, java.lang.Object, java.lang.Object, java.lang.Object, java.lang.Object, java.lang.Object, java.lang.Object, java.lang.Object, java.lang.Object, java.lang.Object, java.lang.Object, java.lang.Object, java.lang.Object)'> (0x0000000
Event: 6.703 Thread 0x000001c8659b9e40 Exception <a 'java/lang/NoSuchMethodError'{0x00000000ee261358}: 'java.lang.Object java.lang.invoke.DelegatingMethodHandle$Holder.reinvoke_L(java.lang.Object, java.lang.Object, java.lang.Object, java.lang.Object, java.lang.Object, java.lang.Object, java.lang.Object, java.lang.Object, java.lang.Object, java.lang.Object, java.lang.Object, java.lang.Object, java.lang.Object, java.lang.Object, java.lang.Object, java.lang.Object, java.lang.Object, java.lang.Object, java.lang.Object)'> (0x00000000ee261358) 
throw
Event: 6.708 Thread 0x000001c8659b9e40 Exception <a 'java/lang/NoSuchMethodError'{0x00000000ee148b60}: 'java.lang.Object java.lang.invoke.DirectMethodHandle$Holder.newInvokeSpecial(java.lang.Object, java.lang.Object, java.lang.Object, java.lang.Object, java.lang.Object, java.lang.Object, java.lang.Object, java.lang.Object, java.lang.Object, java.lang.Object, java.lang.Object, java.lang.Object, java.lang.Object, java.lang.Object, java.lang.Object, java.lang.Object, java.lang.Object, java.lang.Object, java.lang.Object, java.lang.Object, java.lang
Event: 6.718 Thread 0x000001c8659b9e40 Exception <a 'java/lang/NoSuchMethodError'{0x00000000edf326c0}: 'java.lang.Object java.lang.invoke.DirectMethodHandle$Holder.newInvokeSpecial(java.lang.Object, java.lang.Object, java.lang.Object, java.lang.Object, java.lang.Object, java.lang.Object, java.lang.Object, java.lang.Object, java.lang.Object, java.lang.Object, java.lang.Object, java.lang.Object, java.lang.Object, java.lang.Object, java.lang.Object, java.lang.Object, java.lang.Object, java.lang.Object, java.lang.Object, java.lang.Object)'> (0x0000
Event: 6.775 Thread 0x000001c8659b9e40 Exception <a 'java/lang/NoSuchMethodError'{0x00000000ed7343f0}: 'java.lang.Object java.lang.invoke.DirectMethodHandle$Holder.newInvokeSpecial(java.lang.Object, java.lang.Object, java.lang.Object, java.lang.Object, java.lang.Object, java.lang.Object, java.lang.Object, java.lang.Object, java.lang.Object, java.lang.Object, java.lang.Object, java.lang.Object, java.lang.Object, java.lang.Object, java.lang.Object, java.lang.Object)'> (0x00000000ed7343f0) 
thrown [s\open\src\hotspot\share\interpreter\linkResolver
Event: 6.775 Thread 0x000001c8659b9e40 Exception <a 'java/lang/NoSuchMethodError'{0x00000000ed73b188}: 'java.lang.Object java.lang.invoke.DirectMethodHandle$Holder.invokeSpecial(java.lang.Object, java.lang.Object, java.lang.Object, java.lang.Object, java.lang.Object, java.lang.Object, java.lang.Object, java.lang.Object, java.lang.Object, java.lang.Object, java.lang.Object, java.lang.Object, java.lang.Object, java.lang.Object, java.lang.Object, java.lang.Object, java.lang.Object)'> (0x00000000ed73b188) 
thrown [s\open\src\hotspot\share\interpret
Event: 6.775 Thread 0x000001c8659b9e40 Exception <a 'java/lang/NoSuchMethodError'{0x00000000ed741020}: 'java.lang.Object java.lang.invoke.DelegatingMethodHandle$Holder.reinvoke_L(java.lang.Object, java.lang.Object, java.lang.Object, java.lang.Object, java.lang.Object, java.lang.Object, java.lang.Object, java.lang.Object, java.lang.Object, java.lang.Object, java.lang.Object, java.lang.Object, java.lang.Object, java.lang.Object, java.lang.Object, java.lang.Object)'> (0x00000000ed741020) 
thrown [s\open\src\hotspot\share\interpreter\linkResolver.c
Event: 6.779 Thread 0x000001c8659b9e40 Exception <a 'java/lang/NoSuchMethodError'{0x00000000ed7f13e8}: 'java.lang.Object java.lang.invoke.DirectMethodHandle$Holder.newInvokeSpecial(java.lang.Object, java.lang.Object, java.lang.Object, java.lang.Object, java.lang.Object, java.lang.Object, java.lang.Object, java.lang.Object, java.lang.Object, java.lang.Object, java.lang.Object, java.lang.Object, java.lang.Object, java.lang.Object, java.lang.Object, java.lang.Object, java.lang.Object, java.lang.Object)'> (0x00000000ed7f13e8) 
thrown [s\open\src\ho
Event: 6.780 Thread 0x000001c8659b9e40 Exception <a 'java/lang/NoSuchMethodError'{0x00000000ed7f8448}: 'java.lang.Object java.lang.invoke.DirectMethodHandle$Holder.invokeSpecial(java.lang.Object, java.lang.Object, java.lang.Object, java.lang.Object, java.lang.Object, java.lang.Object, java.lang.Object, java.lang.Object, java.lang.Object, java.lang.Object, java.lang.Object, java.lang.Object, java.lang.Object, java.lang.Object, java.lang.Object, java.lang.Object, java.lang.Object, java.lang.Object, java.lang.Object)'> (0x00000000ed7f8448) 
thrown
Event: 6.780 Thread 0x000001c8659b9e40 Exception <a 'java/lang/NoSuchMethodError'{0x00000000ed7fe5c8}: 'java.lang.Object java.lang.invoke.DelegatingMethodHandle$Holder.reinvoke_L(java.lang.Object, java.lang.Object, java.lang.Object, java.lang.Object, java.lang.Object, java.lang.Object, java.lang.Object, java.lang.Object, java.lang.Object, java.lang.Object, java.lang.Object, java.lang.Object, java.lang.Object, java.lang.Object, java.lang.Object, java.lang.Object, java.lang.Object, java.lang.Object)'> (0x00000000ed7fe5c8) 
thrown [s\open\src\hots
Event: 6.783 Thread 0x000001c8659b9e40 Exception <a 'java/lang/NoSuchMethodError'{0x00000000ed6958a8}: 'java.lang.Object java.lang.invoke.DirectMethodHandle$Holder.newInvokeSpecial(java.lang.Object, java.lang.Object, java.lang.Object, java.lang.Object, java.lang.Object, java.lang.Object, java.lang.Object, java.lang.Object, java.lang.Object, java.lang.Object, java.lang.Object, java.lang.Object, java.lang.Object, java.lang.Object, java.lang.Object, java.lang.Object, java.lang.Object, java.lang.Object, java.lang.Object, java.lang.Object, java.lang
Event: 6.791 Thread 0x000001c8659b9e40 Exception <a 'java/lang/NoSuchMethodError'{0x00000000ed5f28d0}: 'java.lang.Object java.lang.invoke.DirectMethodHandle$Holder.newInvokeSpecial(java.lang.Object, java.lang.Object, java.lang.Object, java.lang.Object, java.lang.Object, java.lang.Object, java.lang.Object, java.lang.Object, java.lang.Object, java.lang.Object, java.lang.Object, java.lang.Object, java.lang.Object)'> (0x00000000ed5f28d0) 
thrown [s\open\src\hotspot\share\interpreter\linkResolver.cpp, line 796]
Event: 7.221 Thread 0x000001c8659b9e40 Exception <a 'java/lang/NoSuchMethodError'{0x00000000eaa4e310}: 'java.lang.Object java.lang.invoke.DirectMethodHandle$Holder.newInvokeSpecial(java.lang.Object, java.lang.Object, java.lang.Object, java.lang.Object, int)'> (0x00000000eaa4e310) 
thrown [s\open\src\hotspot\share\interpreter\linkResolver.cpp, line 796]
Event: 7.221 Thread 0x000001c8659b9e40 Exception <a 'java/lang/NoSuchMethodError'{0x00000000eaa53df0}: 'java.lang.Object java.lang.invoke.DirectMethodHandle$Holder.invokeSpecial(java.lang.Object, java.lang.Object, java.lang.Object, java.lang.Object, java.lang.Object, int)'> (0x00000000eaa53df0) 
thrown [s\open\src\hotspot\share\interpreter\linkResolver.cpp, line 796]
Event: 7.221 Thread 0x000001c8659b9e40 Exception <a 'java/lang/NoSuchMethodError'{0x00000000eaa59268}: 'java.lang.Object java.lang.invoke.Invokers$Holder.linkToTargetMethod(java.lang.Object, java.lang.Object, java.lang.Object, int, java.lang.Object)'> (0x00000000eaa59268) 
thrown [s\open\src\hotspot\share\interpreter\linkResolver.cpp, line 796]

VM Operations (20 events):
Event: 5.899 Executing VM operation: G1CollectForAllocation (G1 Evacuation Pause)
Event: 5.912 Executing VM operation: G1CollectForAllocation (G1 Evacuation Pause) done
Event: 6.483 Executing VM operation: CollectForMetadataAllocation (Metadata GC Threshold)
Event: 6.496 Executing VM operation: CollectForMetadataAllocation (Metadata GC Threshold) done
Event: 6.514 Executing VM operation: CollectForMetadataAllocation (Metadata GC Threshold)
Event: 6.517 Executing VM operation: CollectForMetadataAllocation (Metadata GC Threshold) done
Event: 6.532 Executing VM operation: G1PauseRemark
Event: 6.535 Executing VM operation: G1PauseRemark done
Event: 6.540 Executing VM operation: G1PauseCleanup
Event: 6.540 Executing VM operation: G1PauseCleanup done
Event: 6.867 Executing VM operation: HandshakeAllThreads (Deoptimize)
Event: 6.867 Executing VM operation: HandshakeAllThreads (Deoptimize) done
Event: 6.903 Executing VM operation: HandshakeAllThreads (Deoptimize)
Event: 6.903 Executing VM operation: HandshakeAllThreads (Deoptimize) done
Event: 6.987 Executing VM operation: HandshakeAllThreads (Deoptimize)
Event: 6.987 Executing VM operation: HandshakeAllThreads (Deoptimize) done
Event: 7.059 Executing VM operation: HandshakeAllThreads (Deoptimize)
Event: 7.059 Executing VM operation: HandshakeAllThreads (Deoptimize) done
Event: 7.243 Executing VM operation: HandshakeAllThreads (Deoptimize)
Event: 7.243 Executing VM operation: HandshakeAllThreads (Deoptimize) done

Memory protections (0 events):
No events

Nmethod flushes (20 events):
Event: 6.534 Thread 0x000001c84aa48040 flushing  nmethod 0x000001c837edd908
Event: 6.534 Thread 0x000001c84aa48040 flushing  nmethod 0x000001c83800d808
Event: 6.534 Thread 0x000001c84aa48040 flushing  nmethod 0x000001c838119388
Event: 6.534 Thread 0x000001c84aa48040 flushing  nmethod 0x000001c83811a588
Event: 6.534 Thread 0x000001c84aa48040 flushing  nmethod 0x000001c838165008
Event: 6.534 Thread 0x000001c84aa48040 flushing  nmethod 0x000001c838268c08
Event: 6.534 Thread 0x000001c84aa48040 flushing  nmethod 0x000001c83826a688
Event: 6.534 Thread 0x000001c84aa48040 flushing  nmethod 0x000001c8382cfc88
Event: 6.534 Thread 0x000001c84aa48040 flushing  nmethod 0x000001c838351a88
Event: 6.534 Thread 0x000001c84aa48040 flushing  nmethod 0x000001c838352308
Event: 6.534 Thread 0x000001c84aa48040 flushing  nmethod 0x000001c838352908
Event: 6.534 Thread 0x000001c84aa48040 flushing  nmethod 0x000001c838353108
Event: 6.534 Thread 0x000001c84aa48040 flushing  nmethod 0x000001c838353e88
Event: 6.534 Thread 0x000001c84aa48040 flushing  nmethod 0x000001c838354908
Event: 6.534 Thread 0x000001c84aa48040 flushing  nmethod 0x000001c8383b8b88
Event: 6.534 Thread 0x000001c84aa48040 flushing  nmethod 0x000001c8383b8f08
Event: 6.534 Thread 0x000001c84aa48040 flushing  nmethod 0x000001c8383bb988
Event: 6.534 Thread 0x000001c84aa48040 flushing  nmethod 0x000001c8383bc708
Event: 6.534 Thread 0x000001c84aa48040 flushing  nmethod 0x000001c8383bd308
Event: 6.534 Thread 0x000001c84aa48040 flushing  nmethod 0x000001c8383bea88

Events (20 events):
Event: 1.727 Thread 0x000001c8659b9e40 Thread added: 0x000001c8647da090
Event: 1.729 Thread 0x000001c8659b9e40 Thread added: 0x000001c8647da720
Event: 2.023 Thread 0x000001c8659b9e40 Thread added: 0x000001c8647d7930
Event: 2.030 Thread 0x000001c8659b9e40 Thread added: 0x000001c8647d7fc0
Event: 2.339 Thread 0x000001c864756190 Thread exited: 0x000001c864756190
Event: 2.617 Thread 0x000001c84aa717a0 Thread added: 0x000001c86584d050
Event: 2.744 Thread 0x000001c8659b9e40 Thread added: 0x000001c86617f600
Event: 3.378 Thread 0x000001c8659b9e40 Thread added: 0x000001c86617dbc0
Event: 3.383 Thread 0x000001c8659b9e40 Thread added: 0x000001c86617fc90
Event: 3.502 Thread 0x000001c8659b9e40 Thread added: 0x000001c86617cea0
Event: 3.524 Thread 0x000001c8659b9e40 Thread added: 0x000001c86617e250
Event: 3.542 Thread 0x000001c8659b9e40 Thread added: 0x000001c866180320
Event: 3.549 Thread 0x000001c8659b9e40 Thread added: 0x000001c8661809b0
Event: 3.632 Thread 0x000001c8659b9e40 Thread added: 0x000001c86617d530
Event: 3.714 Thread 0x000001c8659b9e40 Thread added: 0x000001c866183110
Event: 4.355 Thread 0x000001c8659b9e40 Thread added: 0x000001c866181d60
Event: 5.114 Thread 0x000001c86584d050 Thread exited: 0x000001c86584d050
Event: 5.793 Thread 0x000001c84aa717a0 Thread added: 0x000001c86584bbe0
Event: 6.628 Thread 0x000001c86584bbe0 Thread exited: 0x000001c86584bbe0
Event: 6.725 Thread 0x000001c84aa717a0 Thread added: 0x000001c86584bbe0


Dynamic libraries:
0x00007ff68e8f0000 - 0x00007ff68e900000 	C:\Program Files\Java\jdk-23\bin\java.exe
0x00007fffb6700000 - 0x00007fffb6969000 	C:\WINDOWS\SYSTEM32\ntdll.dll
0x00007fffb4550000 - 0x00007fffb4619000 	C:\WINDOWS\System32\KERNEL32.DLL
0x00007fffb3890000 - 0x00007fffb3c83000 	C:\WINDOWS\System32\KERNELBASE.dll
0x00007fffb4380000 - 0x00007fffb44cb000 	C:\WINDOWS\System32\ucrtbase.dll
0x00007fff87040000 - 0x00007fff87057000 	C:\Program Files\Java\jdk-23\bin\jli.dll
0x00007fff8ad00000 - 0x00007fff8ad1b000 	C:\Program Files\Java\jdk-23\bin\VCRUNTIME140.dll
0x00007fffb5bc0000 - 0x00007fffb5d84000 	C:\WINDOWS\System32\USER32.dll
0x00007fff9c670000 - 0x00007fff9c903000 	C:\WINDOWS\WinSxS\amd64_microsoft.windows.common-controls_6595b64144ccf1df_6.0.26100.5074_none_3e0d6f78e32fd63f\COMCTL32.dll
0x00007fffb3c90000 - 0x00007fffb3cb7000 	C:\WINDOWS\System32\win32u.dll
0x00007fffb5420000 - 0x00007fffb54c9000 	C:\WINDOWS\System32\msvcrt.dll
0x00007fffb53f0000 - 0x00007fffb541b000 	C:\WINDOWS\System32\GDI32.dll
0x00007fffb4190000 - 0x00007fffb42bd000 	C:\WINDOWS\System32\gdi32full.dll
0x00007fffb3f60000 - 0x00007fffb4003000 	C:\WINDOWS\System32\msvcp_win.dll
0x00007fffb4620000 - 0x00007fffb464f000 	C:\WINDOWS\System32\IMM32.DLL
0x00007fff9e6a0000 - 0x00007fff9e6ac000 	C:\Program Files\Java\jdk-23\bin\vcruntime140_1.dll
0x00007fff6d3a0000 - 0x00007fff6d42e000 	C:\Program Files\Java\jdk-23\bin\msvcp140.dll
0x00007fff18ef0000 - 0x00007fff19c3f000 	C:\Program Files\Java\jdk-23\bin\server\jvm.dll
0x00007fffb5330000 - 0x00007fffb53e4000 	C:\WINDOWS\System32\ADVAPI32.dll
0x00007fffb4c10000 - 0x00007fffb4cb6000 	C:\WINDOWS\System32\sechost.dll
0x00007fffb51e0000 - 0x00007fffb52f8000 	C:\WINDOWS\System32\RPCRT4.dll
0x00007fffb4cd0000 - 0x00007fffb4d44000 	C:\WINDOWS\System32\WS2_32.dll
0x00007fffa8620000 - 0x00007fffa8655000 	C:\WINDOWS\SYSTEM32\WINMM.dll
0x00007fffb36f0000 - 0x00007fffb374e000 	C:\WINDOWS\SYSTEM32\POWRPROF.dll
0x00007fff9c920000 - 0x00007fff9c92b000 	C:\WINDOWS\SYSTEM32\VERSION.dll
0x00007fffb36d0000 - 0x00007fffb36e4000 	C:\WINDOWS\SYSTEM32\UMPDC.dll
0x00007fffb2670000 - 0x00007fffb268b000 	C:\WINDOWS\SYSTEM32\kernel.appcore.dll
0x00007fff88560000 - 0x00007fff8856a000 	C:\Program Files\Java\jdk-23\bin\jimage.dll
0x00007fffb1000000 - 0x00007fffb1242000 	C:\WINDOWS\SYSTEM32\DBGHELP.DLL
0x00007fffb56c0000 - 0x00007fffb5a3b000 	C:\WINDOWS\System32\combase.dll
0x00007fffb5a60000 - 0x00007fffb5b37000 	C:\WINDOWS\System32\OLEAUT32.dll
0x00007fff818b0000 - 0x00007fff818ed000 	C:\WINDOWS\SYSTEM32\dbgcore.DLL
0x00007fffb3d50000 - 0x00007fffb3de9000 	C:\WINDOWS\System32\bcryptPrimitives.dll
0x00007fff86b90000 - 0x00007fff86b9f000 	C:\Program Files\Java\jdk-23\bin\instrument.dll
0x00007fff86e10000 - 0x00007fff86e2e000 	C:\Program Files\Java\jdk-23\bin\java.dll
0x00007fffb4a70000 - 0x00007fffb4c08000 	C:\WINDOWS\System32\ole32.dll
0x00007fffb5f70000 - 0x00007fffb66bd000 	C:\WINDOWS\System32\SHELL32.dll
0x00007fffb3df0000 - 0x00007fffb3f5c000 	C:\WINDOWS\System32\wintypes.dll
0x00007fffb14c0000 - 0x00007fffb1d19000 	C:\WINDOWS\SYSTEM32\windows.storage.dll
0x00007fffb4880000 - 0x00007fffb4970000 	C:\WINDOWS\System32\SHCORE.dll
0x00007fffb4980000 - 0x00007fffb49e2000 	C:\WINDOWS\System32\shlwapi.dll
0x00007fffb37b0000 - 0x00007fffb37d9000 	C:\WINDOWS\SYSTEM32\profapi.dll
0x00007fff696c0000 - 0x00007fff69797000 	C:\Program Files\Java\jdk-23\bin\jsvml.dll
0x00007fff86af0000 - 0x00007fff86b07000 	C:\Program Files\Java\jdk-23\bin\zip.dll
0x00007fff878f0000 - 0x00007fff87900000 	C:\Program Files\Java\jdk-23\bin\net.dll
0x00007fffb2bf0000 - 0x00007fffb2c5b000 	C:\WINDOWS\system32\mswsock.dll
0x00007fff86dd0000 - 0x00007fff86de6000 	C:\Program Files\Java\jdk-23\bin\nio.dll
0x00007fff86fc0000 - 0x00007fff86fd0000 	C:\Program Files\Java\jdk-23\bin\verify.dll
0x00007fff9e520000 - 0x00007fff9e547000 	C:\Users\potte\.gradle\native\c067742578af261105cb4f569cf0c3c89f3d7b1fecec35dd04571415982c5e48\windows-amd64\native-platform.dll
0x00007fff455f0000 - 0x00007fff45734000 	C:\Users\potte\.gradle\native\38dada09dfb8b06ba9b0570ebf7e218e3eb74d4ef43ca46872605cf95ebc2f47\windows-amd64\native-platform-file-events.dll
0x00007fff86ee0000 - 0x00007fff86eea000 	C:\Program Files\Java\jdk-23\bin\management.dll
0x00007fff86dc0000 - 0x00007fff86dcb000 	C:\Program Files\Java\jdk-23\bin\management_ext.dll
0x00007fffb4a60000 - 0x00007fffb4a68000 	C:\WINDOWS\System32\PSAPI.DLL
0x00007fffb2e90000 - 0x00007fffb2eab000 	C:\WINDOWS\SYSTEM32\CRYPTSP.dll
0x00007fffb25d0000 - 0x00007fffb260b000 	C:\WINDOWS\system32\rsaenh.dll
0x00007fffb2c90000 - 0x00007fffb2cbb000 	C:\WINDOWS\SYSTEM32\USERENV.dll
0x00007fffb3780000 - 0x00007fffb37a6000 	C:\WINDOWS\SYSTEM32\bcrypt.dll
0x00007fffb2eb0000 - 0x00007fffb2ebc000 	C:\WINDOWS\SYSTEM32\CRYPTBASE.dll
0x00007fffb2090000 - 0x00007fffb20c4000 	C:\WINDOWS\SYSTEM32\IPHLPAPI.DLL
0x00007fffb4cc0000 - 0x00007fffb4cca000 	C:\WINDOWS\System32\NSI.dll
0x00007fff86c30000 - 0x00007fff86c39000 	C:\Program Files\Java\jdk-23\bin\extnet.dll
0x00007fff84ab0000 - 0x00007fff84abe000 	C:\Program Files\Java\jdk-23\bin\sunmscapi.dll
0x00007fffb4010000 - 0x00007fffb4187000 	C:\WINDOWS\System32\CRYPT32.dll
0x00007fffb30b0000 - 0x00007fffb30e0000 	C:\WINDOWS\SYSTEM32\ncrypt.dll
0x00007fffb3060000 - 0x00007fffb309f000 	C:\WINDOWS\SYSTEM32\NTASN1.dll
0x00007fff9c910000 - 0x00007fff9c918000 	C:\WINDOWS\system32\wshunix.dll

dbghelp: loaded successfully - version: 4.0.5 - missing functions: none
symbol engine: initialized successfully - sym options: 0x614 - pdb path: .;C:\Program Files\Java\jdk-23\bin;C:\WINDOWS\SYSTEM32;C:\WINDOWS\WinSxS\amd64_microsoft.windows.common-controls_6595b64144ccf1df_6.0.26100.5074_none_3e0d6f78e32fd63f;C:\Program Files\Java\jdk-23\bin\server;C:\Users\potte\.gradle\native\c067742578af261105cb4f569cf0c3c89f3d7b1fecec35dd04571415982c5e48\windows-amd64;C:\Users\potte\.gradle\native\38dada09dfb8b06ba9b0570ebf7e218e3eb74d4ef43ca46872605cf95ebc2f47\windows-amd64

VM Arguments:
jvm_args: --add-opens=java.base/java.util=ALL-UNNAMED --add-opens=java.base/java.lang=ALL-UNNAMED --add-opens=java.base/java.lang.invoke=ALL-UNNAMED --add-opens=java.prefs/java.util.prefs=ALL-UNNAMED --add-opens=java.base/java.nio.charset=ALL-UNNAMED --add-opens=java.base/java.net=ALL-UNNAMED --add-opens=java.base/java.util.concurrent.atomic=ALL-UNNAMED -XX:MaxMetaspaceSize=384m -XX:+HeapDumpOnOutOfMemoryError -Xms256m -Xmx512m -Dfile.encoding=UTF-8 -Duser.country=RU -Duser.language=ru -Duser.variant -javaagent:C:\Users\potte\.gradle\wrapper\dists\gradle-8.5-bin\5t9huq95ubn472n8rpzujfbqh\gradle-8.5\lib\agents\gradle-instrumentation-agent-8.5.jar 
java_command: org.gradle.launcher.daemon.bootstrap.GradleDaemon 8.5
java_class_path (initial): C:\Users\potte\.gradle\wrapper\dists\gradle-8.5-bin\5t9huq95ubn472n8rpzujfbqh\gradle-8.5\lib\gradle-launcher-8.5.jar
Launcher Type: SUN_STANDARD

[Global flags]
     intx CICompilerCount                          = 4                                         {product} {ergonomic}
   size_t CompressedClassSpaceSize                 = 335544320                                 {product} {ergonomic}
     uint ConcGCThreads                            = 3                                         {product} {ergonomic}
     uint G1ConcRefinementThreads                  = 10                                        {product} {ergonomic}
   size_t G1HeapRegionSize                         = 1048576                                   {product} {ergonomic}
     bool HeapDumpOnOutOfMemoryError               = true                                   {manageable} {command line}
   size_t InitialHeapSize                          = 268435456                                 {product} {command line}
   size_t MarkStackSize                            = 4194304                                   {product} {ergonomic}
   size_t MarkStackSizeMax                         = 536870912                                 {product} {ergonomic}
   size_t MaxHeapSize                              = 536870912                                 {product} {command line}
   size_t MaxMetaspaceSize                         = 402653184                                 {product} {command line}
   size_t MaxNewSize                               = 321912832                                 {product} {ergonomic}
   size_t MinHeapDeltaBytes                        = 1048576                                   {product} {ergonomic}
   size_t MinHeapSize                              = 268435456                                 {product} {command line}
    uintx NonNMethodCodeHeapSize                   = 5832704                                {pd product} {ergonomic}
    uintx NonProfiledCodeHeapSize                  = 122945536                              {pd product} {ergonomic}
    uintx ProfiledCodeHeapSize                     = 122880000                              {pd product} {ergonomic}
    uintx ReservedCodeCacheSize                    = 251658240                              {pd product} {ergonomic}
     bool SegmentedCodeCache                       = true                                      {product} {ergonomic}
   size_t SoftMaxHeapSize                          = 536870912                              {manageable} {ergonomic}
     bool UseCompressedOops                        = true                           {product lp64_product} {ergonomic}
     bool UseG1GC                                  = true                                      {product} {ergonomic}
     bool UseLargePagesIndividualAllocation        = false                                  {pd product} {ergonomic}

Logging:
Log output configuration:
 #0: stdout all=warning uptime,level,tags foldmultilines=false
 #1: stderr all=off uptime,level,tags foldmultilines=false

Environment Variables:
CLASSPATH=C:\Users\potte\Desktop\projects\java_dops\\gradle\wrapper\gradle-wrapper.jar
PATH=C:\Program Files\Common Files\Oracle\Java\javapath;C:\Program Files (x86)\Common Files\Oracle\Java\javapath;C:\WINDOWS\system32;C:\WINDOWS;C:\WINDOWS\System32\Wbem;C:\WINDOWS\System32\WindowsPowerShell\v1.0\;C:\WINDOWS\System32\OpenSSH\;C:\Program Files\nodejs\;C:\Program Files\Git\cmd;C:\Users\potte\Desktop\hey\;C:\Users\potte\Downloads\hey-0.1.4\hey-0.1.4;;C:\Program Files\Docker\Docker\resources\bin;C:\Users\potte\AppData\Local\Programs\Python\Python310\Scripts\;C:\Users\potte\AppData\Local\Programs\Python\Python310\;C:\Users\potte\AppData\Local\Microsoft\WindowsApps;C:\Program Files\JetBrains\IntelliJ IDEA Community Edition 2024.1.4\bin;;C:\Users\potte\AppData\Local\Programs\Microsoft VS Code\bin;C:\Users\potte\AppData\Roaming\npm;C:\Users\potte\yandex-cloud\bin;C:\Gradle\gradle-8.14.2\bin;
USERNAME=alena
OS=Windows_NT
PROCESSOR_IDENTIFIER=Intel64 Family 6 Model 154 Stepping 4, GenuineIntel
TMP=C:\Users\potte\AppData\Local\Temp
TEMP=C:\Users\potte\AppData\Local\Temp




Periodic native trim disabled

---------------  S Y S T E M  ---------------

OS:
 Windows 11 , 64 bit Build 26100 (10.0.26100.5074)
OS uptime: 6 days 7:05 hours
Hyper-V role detected

CPU: total 12 (initial active 12) (6 cores per cpu, 2 threads per core) family 6 model 154 stepping 4 microcode 0x423, cx8, cmov, fxsr, ht, mmx, 3dnowpref, sse, sse2, sse3, ssse3, sse4.1, sse4.2, popcnt, lzcnt, tsc, tscinvbit, avx, avx2, aes, erms, clmul, bmi1, bmi2, adx, sha, fma, vzeroupper, clflush, clflushopt, clwb, hv, serialize, rdtscp, rdpid, fsrm, gfni, f16c, cet_ibt, cet_ss
Processor Information for processor 0
  Max Mhz: 2500, Current Mhz: 2500, Mhz Limit: 2500
Processor Information for processor 1
  Max Mhz: 2500, Current Mhz: 2500, Mhz Limit: 2500
Processor Information for processor 2
  Max Mhz: 2500, Current Mhz: 2500, Mhz Limit: 2500
Processor Information for processor 3
  Max Mhz: 2500, Current Mhz: 2500, Mhz Limit: 2500
Processor Information for processor 4
  Max Mhz: 2500, Current Mhz: 1730, Mhz Limit: 1725
Processor Information for processor 5
  Max Mhz: 2500, Current Mhz: 1730, Mhz Limit: 1725
Processor Information for processor 6
  Max Mhz: 2500, Current Mhz: 1730, Mhz Limit: 1725
Processor Information for processor 7
  Max Mhz: 2500, Current Mhz: 1730, Mhz Limit: 1725
Processor Information for processor 8
  Max Mhz: 2500, Current Mhz: 1730, Mhz Limit: 1725
Processor Information for processor 9
  Max Mhz: 2500, Current Mhz: 1730, Mhz Limit: 1725
Processor Information for processor 10
  Max Mhz: 2500, Current Mhz: 1730, Mhz Limit: 1725
Processor Information for processor 11
  Max Mhz: 2500, Current Mhz: 1730, Mhz Limit: 1725

Memory: 4k page, system-wide physical 7896M (395M free)
TotalPageFile size 32472M (AvailPageFile size 4M)
current process WorkingSet (physical memory assigned to process): 426M, peak: 426M
current process commit charge ("private bytes"): 509M, peak: 510M

vm_info: Java HotSpot(TM) 64-Bit Server VM (23.0.1+11-39) for windows-amd64 JRE (23.0.1+11-39), built on 2024-09-30T07:20:43Z with MS VC++ 17.6 (VS2022)

END.
